ARM Linker, 5.03 [Build 76] [MDK-ARM Lite]

==============================================================================

Section Cross References

    startup_stm32f407xx.o(RESET) refers to startup_stm32f407xx.o(STACK) for __initial_sp
    startup_stm32f407xx.o(RESET) refers to startup_stm32f407xx.o(.text) for Reset_Handler
    startup_stm32f407xx.o(RESET) refers to stm32f4xx_it.o(i.NMI_Handler) for NMI_Handler
    startup_stm32f407xx.o(RESET) refers to stm32f4xx_it.o(i.HardFault_Handler) for HardFault_Handler
    startup_stm32f407xx.o(RESET) refers to stm32f4xx_it.o(i.MemManage_Handler) for MemManage_Handler
    startup_stm32f407xx.o(RESET) refers to stm32f4xx_it.o(i.BusFault_Handler) for BusFault_Handler
    startup_stm32f407xx.o(RESET) refers to stm32f4xx_it.o(i.UsageFault_Handler) for UsageFault_Handler
    startup_stm32f407xx.o(RESET) refers to stm32f4xx_it.o(i.SVC_Handler) for SVC_Handler
    startup_stm32f407xx.o(RESET) refers to stm32f4xx_it.o(i.DebugMon_Handler) for DebugMon_Handler
    startup_stm32f407xx.o(RESET) refers to stm32f4xx_it.o(i.PendSV_Handler) for PendSV_Handler
    startup_stm32f407xx.o(RESET) refers to stm32f4xx_it.o(i.SysTick_Handler) for SysTick_Handler
    startup_stm32f407xx.o(RESET) refers to stm32f4xx_it.o(i.TIM4_IRQHandler) for TIM4_IRQHandler
    startup_stm32f407xx.o(.text) refers to system_stm32f4xx.o(i.SystemInit) for SystemInit
    startup_stm32f407xx.o(.text) refers to entry.o(.ARM.Collect$$$$00000000) for __main
    stm32f4xx_it.o(i.SysTick_Handler) refers to tm_stm32_delay.o(i.HAL_IncTick) for HAL_IncTick
    stm32f4xx_it.o(i.SysTick_Handler) refers to stm32f4xx_hal_cortex.o(i.HAL_SYSTICK_IRQHandler) for HAL_SYSTICK_IRQHandler
    stm32f4xx_it.o(i.TIM4_IRQHandler) refers to stm32f4xx_hal_tim.o(i.HAL_TIM_IRQHandler) for HAL_TIM_IRQHandler
    stm32f4xx_it.o(i.TIM4_IRQHandler) refers to main.o(.bss) for htim4
    stm32f4xx_hal_msp.o(i.HAL_I2C_MspDeInit) refers to stm32f4xx_hal_gpio.o(i.HAL_GPIO_DeInit) for HAL_GPIO_DeInit
    stm32f4xx_hal_msp.o(i.HAL_I2C_MspInit) refers to stm32f4xx_hal_gpio.o(i.HAL_GPIO_Init) for HAL_GPIO_Init
    stm32f4xx_hal_msp.o(i.HAL_MspInit) refers to stm32f4xx_hal_cortex.o(i.HAL_NVIC_SetPriorityGrouping) for HAL_NVIC_SetPriorityGrouping
    stm32f4xx_hal_msp.o(i.HAL_MspInit) refers to stm32f4xx_hal_cortex.o(i.HAL_NVIC_SetPriority) for HAL_NVIC_SetPriority
    stm32f4xx_hal_msp.o(i.HAL_TIM_Base_MspDeInit) refers to stm32f4xx_hal_cortex.o(i.HAL_NVIC_DisableIRQ) for HAL_NVIC_DisableIRQ
    stm32f4xx_hal_msp.o(i.HAL_TIM_Base_MspInit) refers to stm32f4xx_hal_cortex.o(i.HAL_NVIC_SetPriority) for HAL_NVIC_SetPriority
    stm32f4xx_hal_msp.o(i.HAL_TIM_Base_MspInit) refers to stm32f4xx_hal_cortex.o(i.HAL_NVIC_EnableIRQ) for HAL_NVIC_EnableIRQ
    stm32f4xx_hal_msp.o(i.HAL_TIM_MspPostInit) refers to stm32f4xx_hal_gpio.o(i.HAL_GPIO_Init) for HAL_GPIO_Init
    main.o(i.AdvanceForward) refers to dadd.o(.text) for __aeabi_dadd
    main.o(i.AdvanceForward) refers to dfixi.o(.text) for __aeabi_d2iz
    main.o(i.AdvanceForward) refers to main.o(i.update_dutycycle) for update_dutycycle
    main.o(i.AdvanceForward) refers to main.o(.data) for .data
    main.o(i.MX_I2C1_Init) refers to stm32f4xx_hal_i2c.o(i.HAL_I2C_Init) for HAL_I2C_Init
    main.o(i.MX_I2C1_Init) refers to main.o(.bss) for .bss
    main.o(i.MX_TIM4_Init) refers to stm32f4xx_hal_tim.o(i.HAL_TIM_Base_Init) for HAL_TIM_Base_Init
    main.o(i.MX_TIM4_Init) refers to stm32f4xx_hal_tim.o(i.HAL_TIM_ConfigClockSource) for HAL_TIM_ConfigClockSource
    main.o(i.MX_TIM4_Init) refers to stm32f4xx_hal_tim.o(i.HAL_TIM_PWM_Init) for HAL_TIM_PWM_Init
    main.o(i.MX_TIM4_Init) refers to stm32f4xx_hal_tim_ex.o(i.HAL_TIMEx_MasterConfigSynchronization) for HAL_TIMEx_MasterConfigSynchronization
    main.o(i.MX_TIM4_Init) refers to stm32f4xx_hal_tim.o(i.HAL_TIM_PWM_ConfigChannel) for HAL_TIM_PWM_ConfigChannel
    main.o(i.MX_TIM4_Init) refers to stm32f4xx_hal_msp.o(i.HAL_TIM_MspPostInit) for HAL_TIM_MspPostInit
    main.o(i.MX_TIM4_Init) refers to main.o(.bss) for .bss
    main.o(i.ReverseBack) refers to dadd.o(.text) for __aeabi_dsub
    main.o(i.ReverseBack) refers to dfixi.o(.text) for __aeabi_d2iz
    main.o(i.ReverseBack) refers to main.o(i.update_dutycycle) for update_dutycycle
    main.o(i.ReverseBack) refers to main.o(.data) for .data
    main.o(i.SystemClock_Config) refers to stm32f4xx_hal_rcc.o(i.HAL_RCC_OscConfig) for HAL_RCC_OscConfig
    main.o(i.SystemClock_Config) refers to stm32f4xx_hal_rcc.o(i.HAL_RCC_ClockConfig) for HAL_RCC_ClockConfig
    main.o(i.SystemClock_Config) refers to stm32f4xx_hal_rcc.o(i.HAL_RCC_GetHCLKFreq) for HAL_RCC_GetHCLKFreq
    main.o(i.SystemClock_Config) refers to stm32f4xx_hal_cortex.o(i.HAL_SYSTICK_Config) for HAL_SYSTICK_Config
    main.o(i.SystemClock_Config) refers to stm32f4xx_hal_cortex.o(i.HAL_SYSTICK_CLKSourceConfig) for HAL_SYSTICK_CLKSourceConfig
    main.o(i.SystemClock_Config) refers to stm32f4xx_hal_cortex.o(i.HAL_NVIC_SetPriority) for HAL_NVIC_SetPriority
[...]
    Removing stm32f4xx_hal.o(i.HAL_DBGMCU_EnableDBGStandbyMode), (16 bytes).
    Removing stm32f4xx_hal.o(i.HAL_DBGMCU_EnableDBGStopMode), (16 bytes).
    Removing stm32f4xx_hal.o(i.HAL_DeInit), (52 bytes).
    Removing stm32f4xx_hal.o(i.HAL_Delay), (36 bytes).
    Removing stm32f4xx_hal.o(i.HAL_DisableCompensationCell), (12 bytes).
    Removing stm32f4xx_hal.o(i.HAL_EnableCompensationCell), (12 bytes).
    Removing stm32f4xx_hal.o(i.HAL_GetDEVID), (16 bytes).
    Removing stm32f4xx_hal.o(i.HAL_GetHalVersion), (8 bytes).
    Removing stm32f4xx_hal.o(i.HAL_GetREVID), (12 bytes).
    Removing stm32f4xx_hal.o(i.HAL_GetTick), (12 bytes).
    Removing stm32f4xx_hal.o(i.HAL_GetTickFreq), (12 bytes).
    Removing stm32f4xx_hal.o(i.HAL_GetTickPrio), (12 bytes).
    Removing stm32f4xx_hal.o(i.HAL_GetUID), (28 bytes).
    Removing stm32f4xx_hal.o(i.HAL_IncTick), (16 bytes).
    Removing stm32f4xx_hal.o(i.HAL_MspDeInit), (2 bytes).
    Removing stm32f4xx_hal.o(i.HAL_MspInit), (2 bytes).
    Removing stm32f4xx_hal.o(i.HAL_ResumeTick), (14 bytes).
    Removing stm32f4xx_hal.o(i.HAL_SetTickFreq), (28 bytes).
    Removing stm32f4xx_hal.o(i.HAL_SuspendTick), (14 bytes).
    Removing stm32f4xx_hal_flash_ramfunc.o(.rev16_text), (4 bytes).
    Removing stm32f4xx_hal_flash_ramfunc.o(.revsh_text), (4 bytes).
    Removing stm32f4xx_hal_flash_ramfunc.o(.rrx_text), (6 bytes).
    Removing stm32f4xx_hal_pwr_ex.o(.rev16_text), (4 bytes).
    Removing stm32f4xx_hal_pwr_ex.o(.revsh_text), (4 bytes).
    Removing stm32f4xx_hal_pwr_ex.o(.rrx_text), (6 bytes).
    Removing stm32f4xx_hal_pwr_ex.o(i.HAL_PWREx_ControlVoltageScaling), (88 bytes).
    Removing stm32f4xx_hal_pwr_ex.o(i.HAL_PWREx_DisableBkUpReg), (60 bytes).
    Removing stm32f4xx_hal_pwr_ex.o(i.HAL_PWREx_DisableFlashPowerDown), (12 bytes).
    Removing stm32f4xx_hal_pwr_ex.o(i.HAL_PWREx_EnableBkUpReg), (60 bytes).
    Removing stm32f4xx_hal_pwr_ex.o(i.HAL_PWREx_EnableFlashPowerDown), (12 bytes).
    Removing stm32f4xx_hal_pwr_ex.o(i.HAL_PWREx_GetVoltageRange), (16 bytes).
    Removing stm32f4xx_hal_dma.o(.rev16_text), (4 bytes).
    Removing stm32f4xx_hal_dma.o(.revsh_text), (4 bytes).
    Removing stm32f4xx_hal_dma.o(.rrx_text), (6 bytes).
    Removing stm32f4xx_hal_dma.o(i.DMA_CalcBaseAndBitshift), (40 bytes).
    Removing stm32f4xx_hal_dma.o(i.DMA_CheckFifoParam), (84 bytes).
    Removing stm32f4xx_hal_dma.o(i.DMA_SetConfig), (40 bytes).
    Removing stm32f4xx_hal_dma.o(i.HAL_DMA_Abort), (142 bytes).
    Removing stm32f4xx_hal_dma.o(i.HAL_DMA_Abort_IT), (36 bytes).
    Removing stm32f4xx_hal_dma.o(i.HAL_DMA_DeInit), (84 bytes).
    Removing stm32f4xx_hal_dma.o(i.HAL_DMA_GetError), (4 bytes).
    Removing stm32f4xx_hal_dma.o(i.HAL_DMA_GetState), (6 bytes).
    Removing stm32f4xx_hal_dma.o(i.HAL_DMA_IRQHandler), (424 bytes).
    Removing stm32f4xx_hal_dma.o(i.HAL_DMA_Init), (212 bytes).
    Removing stm32f4xx_hal_dma.o(i.HAL_DMA_PollForTransfer), (292 bytes).
    Removing stm32f4xx_hal_dma.o(i.HAL_DMA_RegisterCallback), (80 bytes).
    Removing stm32f4xx_hal_dma.o(i.HAL_DMA_Start), (70 bytes).
    Removing stm32f4xx_hal_dma.o(i.HAL_DMA_Start_IT), (120 bytes).
    Removing stm32f4xx_hal_dma.o(i.HAL_DMA_UnRegisterCallback), (96 bytes).
    Removing stm32f4xx_hal_dma.o(.constdata), (8 bytes).
    Removing stm32f4xx_hal_rcc_ex.o(.rev16_text), (4 bytes).
    Removing stm32f4xx_hal_rcc_ex.o(.revsh_text), (4 bytes).
    Removing stm32f4xx_hal_rcc_ex.o(.rrx_text), (6 bytes).
    Removing stm32f4xx_hal_rcc_ex.o(i.HAL_RCCEx_DisablePLLI2S), (52 bytes).
    Removing stm32f4xx_hal_rcc_ex.o(i.HAL_RCCEx_EnablePLLI2S), (104 bytes).
    Removing stm32f4xx_hal_rcc_ex.o(i.HAL_RCCEx_GetPeriphCLKConfig), (52 bytes).
    Removing stm32f4xx_hal_rcc_ex.o(i.HAL_RCCEx_GetPeriphCLKFreq), (92 bytes).
    Removing stm32f4xx_hal_rcc_ex.o(i.HAL_RCCEx_PeriphCLKConfig), (316 bytes).
    Removing stm32f4xx_hal_rcc_ex.o(i.HAL_RCC_DeInit), (304 bytes).
    Removing stm32f4xx_hal_i2c_ex.o(.rev16_text), (4 bytes).
    Removing stm32f4xx_hal_i2c_ex.o(.revsh_text), (4 bytes).
    Removing stm32f4xx_hal_i2c_ex.o(.rrx_text), (6 bytes).
    Removing stm32f4xx_hal_flash.o(.rev16_text), (4 bytes).
    Removing stm32f4xx_hal_flash.o(.revsh_text), (4 bytes).
    Removing stm32f4xx_hal_flash.o(.rrx_text), (6 bytes).
    Removing stm32f4xx_hal_flash.o(i.FLASH_Program_Byte), (32 bytes).
    Removing stm32f4xx_hal_flash.o(i.FLASH_Program_DoubleWord), (40 bytes).
    Removing stm32f4xx_hal_flash.o(i.FLASH_Program_HalfWord), (36 bytes).
    Removing stm32f4xx_hal_flash.o(i.FLASH_Program_Word), (36 bytes).
    Removing stm32f4xx_hal_flash.o(i.FLASH_SetErrorCode), (104 bytes).
    Removing stm32f4xx_hal_flash.o(i.FLASH_WaitForLastOperation), (80 bytes).
    Removing stm32f4xx_hal_flash.o(i.HAL_FLASH_EndOfOperationCallback), (2 bytes).
    Removing stm32f4xx_hal_flash.o(i.HAL_FLASH_GetError), (12 bytes).
    Removing stm32f4xx_hal_flash.o(i.HAL_FLASH_IRQHandler), (204 bytes).
    Removing stm32f4xx_hal_flash.o(i.HAL_FLASH_Lock), (20 bytes).
    Removing stm32f4xx_hal_flash.o(i.HAL_FLASH_OB_Launch), (24 bytes).
    Removing stm32f4xx_hal_flash.o(i.HAL_FLASH_OB_Lock), (20 bytes).
    Removing stm32f4xx_hal_flash.o(i.HAL_FLASH_OB_Unlock), (40 bytes).
    Removing stm32f4xx_hal_flash.o(i.HAL_FLASH_OperationErrorCallback), (2 bytes).
    Removing stm32f4xx_hal_flash.o(i.HAL_FLASH_Program), (124 bytes).
    Removing stm32f4xx_hal_flash.o(i.HAL_FLASH_Program_IT), (108 bytes).
    Removing stm32f4xx_hal_flash.o(i.HAL_FLASH_Unlock), (44 bytes).
    Removing stm32f4xx_hal_flash.o(.bss), (32 bytes).
    Removing stm32f4xx_hal_dma_ex.o(.rev16_text), (4 bytes).
    Removing stm32f4xx_hal_dma_ex.o(.revsh_text), (4 bytes).
    Removing stm32f4xx_hal_dma_ex.o(.rrx_text), (6 bytes).
    Removing stm32f4xx_hal_dma_ex.o(i.DMA_MultiBufferSetConfig), (30 bytes).
    Removing stm32f4xx_hal_dma_ex.o(i.HAL_DMAEx_ChangeMemory), (14 bytes).
    Removing stm32f4xx_hal_dma_ex.o(i.HAL_DMAEx_MultiBufferStart), (100 bytes).
    Removing stm32f4xx_hal_dma_ex.o(i.HAL_DMAEx_MultiBufferStart_IT), (2432 bytes).
    Removing stm32f4xx_hal_tim.o(.rev16_text), (4 bytes).
    Removing stm32f4xx_hal_tim.o(.revsh_text), (4 bytes).
    Removing stm32f4xx_hal_tim.o(.rrx_text), (6 bytes).
    Removing stm32f4xx_hal_tim.o(i.HAL_TIM_Base_DeInit), (54 bytes).
    Removing stm32f4xx_hal_tim.o(i.HAL_TIM_Base_GetState), (6 bytes).
    Removing stm32f4xx_hal_tim.o(i.HAL_TIM_Base_MspDeInit), (2 bytes).
    Removing stm32f4xx_hal_tim.o(i.HAL_TIM_Base_MspInit), (2 bytes).
    Removing stm32f4xx_hal_tim.o(i.HAL_TIM_Base_Start), (26 bytes).
    Removing stm32f4xx_hal_tim.o(i.HAL_TIM_Base_Start_DMA), (92 bytes).
    Removing stm32f4xx_hal_tim.o(i.HAL_TIM_Base_Start_IT), (24 bytes).
    Removing stm32f4xx_hal_tim.o(i.HAL_TIM_Base_Stop), (44 bytes).
    Removing stm32f4xx_hal_tim.o(i.HAL_TIM_Base_Stop_DMA), (48 bytes).
    Removing stm32f4xx_hal_tim.o(i.HAL_TIM_Base_Stop_IT), (42 bytes).
    Removing stm32f4xx_hal_tim.o(i.HAL_TIM_ConfigOCrefClear), (172 bytes).
    Removing stm32f4xx_hal_tim.o(i.HAL_TIM_ConfigTI1Input), (16 bytes).
    Removing stm32f4xx_hal_tim.o(i.HAL_TIM_DMABurst_ReadStart), (272 bytes).
    Removing stm32f4xx_hal_tim.o(i.HAL_TIM_DMABurst_ReadStop), (96 bytes).
    Removing stm32f4xx_hal_tim.o(i.HAL_TIM_DMABurst_WriteStart), (272 bytes).
    Removing stm32f4xx_hal_tim.o(i.HAL_TIM_DMABurst_WriteStop), (96 bytes).
    Removing stm32f4xx_hal_tim.o(i.HAL_TIM_Encoder_DeInit), (54 bytes).
    Removing stm32f4xx_hal_tim.o(i.HAL_TIM_Encoder_GetState), (6 bytes).
    Removing stm32f4xx_hal_tim.o(i.HAL_TIM_Encoder_Init), (150 bytes).
    Removing stm32f4xx_hal_tim.o(i.HAL_TIM_Encoder_MspDeInit), (2 bytes).
    Removing stm32f4xx_hal_tim.o(i.HAL_TIM_Encoder_MspInit), (2 bytes).
    Removing stm32f4xx_hal_tim.o(i.HAL_TIM_Encoder_Start), (52 bytes).
    Removing stm32f4xx_hal_tim.o(i.HAL_TIM_Encoder_Start_DMA), (272 bytes).
    Removing stm32f4xx_hal_tim.o(i.HAL_TIM_Encoder_Start_IT), (92 bytes).
    Removing stm32f4xx_hal_tim.o(i.HAL_TIM_Encoder_Stop), (74 bytes).
    Removing stm32f4xx_hal_tim.o(i.HAL_TIM_Encoder_Stop_DMA), (120 bytes).
    Removing stm32f4xx_hal_tim.o(i.HAL_TIM_Encoder_Stop_IT), (120 bytes).
    Removing stm32f4xx_hal_tim.o(i.HAL_TIM_ErrorCallback), (2 bytes).
    Removing stm32f4xx_hal_tim.o(i.HAL_TIM_GenerateEvent), (38 bytes).
    Removing stm32f4xx_hal_tim.o(i.HAL_TIM_IC_ConfigChannel), (282 bytes).
    Removing stm32f4xx_hal_tim.o(i.HAL_TIM_IC_DeInit), (54 bytes).
    Removing stm32f4xx_hal_tim.o(i.HAL_TIM_IC_GetState), (6 bytes).
    Removing stm32f4xx_hal_tim.o(i.HAL_TIM_IC_Init), (54 bytes).
    Removing stm32f4xx_hal_tim.o(i.HAL_TIM_IC_MspDeInit), (2 bytes).
    Removing stm32f4xx_hal_tim.o(i.HAL_TIM_IC_MspInit), (2 bytes).
    Removing stm32f4xx_hal_tim.o(i.HAL_TIM_IC_Start), (26 bytes).
    Removing stm32f4xx_hal_tim.o(i.HAL_TIM_IC_Start_DMA), (200 bytes).
    Removing stm32f4xx_hal_tim.o(i.HAL_TIM_IC_Start_IT), (76 bytes).
    Removing stm32f4xx_hal_tim.o(i.HAL_TIM_IC_Stop), (44 bytes).
    Removing stm32f4xx_hal_tim.o(i.HAL_TIM_IC_Stop_DMA), (104 bytes).
    Removing stm32f4xx_hal_tim.o(i.HAL_TIM_IC_Stop_IT), (98 bytes).
    Removing stm32f4xx_hal_tim.o(i.HAL_TIM_OC_ConfigChannel), (84 bytes).
    Removing stm32f4xx_hal_tim.o(i.HAL_TIM_OC_DeInit), (54 bytes).
    Removing stm32f4xx_hal_tim.o(i.HAL_TIM_OC_GetState), (6 bytes).
    Removing stm32f4xx_hal_tim.o(i.HAL_TIM_OC_Init), (54 bytes).
    Removing stm32f4xx_hal_tim.o(i.HAL_TIM_OC_MspDeInit), (2 bytes).
    Removing stm32f4xx_hal_tim.o(i.HAL_TIM_OC_MspInit), (2 bytes).
    Removing stm32f4xx_hal_tim.o(i.HAL_TIM_OC_Start), (56 bytes).
    Removing stm32f4xx_hal_tim.o(i.HAL_TIM_OC_Start_DMA), (240 bytes).
    Removing stm32f4xx_hal_tim.o(i.HAL_TIM_OC_Start_IT), (108 bytes).
    Removing stm32f4xx_hal_tim.o(i.HAL_TIM_OC_Stop), (88 bytes).
    Removing stm32f4xx_hal_tim.o(i.HAL_TIM_OC_Stop_DMA), (144 bytes).
    Removing stm32f4xx_hal_tim.o(i.HAL_TIM_OC_Stop_IT), (140 bytes).
    Removing stm32f4xx_hal_tim.o(i.HAL_TIM_OnePulse_ConfigChannel), (212 bytes).
    Removing stm32f4xx_hal_tim.o(i.HAL_TIM_OnePulse_DeInit), (54 bytes).
    Removing stm32f4xx_hal_tim.o(i.HAL_TIM_OnePulse_GetState), (6 bytes).
    Removing stm32f4xx_hal_tim.o(i.HAL_TIM_OnePulse_Init), (74 bytes).
    Removing stm32f4xx_hal_tim.o(i.HAL_TIM_OnePulse_MspDeInit), (2 bytes).
    Removing stm32f4xx_hal_tim.o(i.HAL_TIM_OnePulse_MspInit), (2 bytes).
    Removing stm32f4xx_hal_tim.o(i.HAL_TIM_OnePulse_Start), (60 bytes).
    Removing stm32f4xx_hal_tim.o(i.HAL_TIM_OnePulse_Start_IT), (80 bytes).
    Removing stm32f4xx_hal_tim.o(i.HAL_TIM_OnePulse_Stop), (100 bytes).
    Removing stm32f4xx_hal_tim.o(i.HAL_TIM_OnePulse_Stop_IT), (120 bytes).
    Removing stm32f4xx_hal_tim.o(i.HAL_TIM_PWM_DeInit), (54 bytes).
    Removing stm32f4xx_hal_tim.o(i.HAL_TIM_PWM_GetState), (6 bytes).
    Removing stm32f4xx_hal_tim.o(i.HAL_TIM_PWM_MspDeInit), (2 bytes).
    Removing stm32f4xx_hal_tim.o(i.HAL_TIM_PWM_Start_DMA), (240 bytes).
    Removing stm32f4xx_hal_tim.o(i.HAL_TIM_PWM_Start_IT), (108 bytes).
    Removing stm32f4xx_hal_tim.o(i.HAL_TIM_PWM_Stop), (92 bytes).
    Removing stm32f4xx_hal_tim.o(i.HAL_TIM_PWM_Stop_DMA), (144 bytes).
    Removing stm32f4xx_hal_tim.o(i.HAL_TIM_PWM_Stop_IT), (140 bytes).
    Removing stm32f4xx_hal_tim.o(i.HAL_TIM_ReadCapturedValue), (68 bytes).
    Removing stm32f4xx_hal_tim.o(i.HAL_TIM_SlaveConfigSynchronization), (66 bytes).
    Removing stm32f4xx_hal_tim.o(i.HAL_TIM_SlaveConfigSynchronization_IT), (66 bytes).
    Removing stm32f4xx_hal_tim.o(i.TIM_DMACaptureCplt), (62 bytes).
    Removing stm32f4xx_hal_tim.o(i.TIM_DMADelayPulseCplt), (62 bytes).
    Removing stm32f4xx_hal_tim.o(i.TIM_DMAError), (16 bytes).
    Removing stm32f4xx_hal_tim.o(i.TIM_DMAPeriodElapsedCplt), (16 bytes).
    Removing stm32f4xx_hal_tim.o(i.TIM_DMATriggerCplt), (16 bytes).
    Removing stm32f4xx_hal_tim.o(i.TIM_SlaveTimer_SetConfig), (124 bytes).
    Removing stm32f4xx_hal_tim.o(i.TIM_TI1_SetConfig), (132 bytes).
    Removing stm32f4xx_hal_tim.o(i.TIM_TI2_SetConfig), (54 bytes).
    Removing tm_stm32_delay.o(.rev16_text), (4 bytes).
    Removing tm_stm32_delay.o(.revsh_text), (4 bytes).
    Removing tm_stm32_delay.o(.rrx_text), (6 bytes).
    Removing tm_stm32_delay.o(i.TM_DELAY_TimerAutoReloadCommand), (18 bytes).
    Removing tm_stm32_delay.o(i.TM_DELAY_TimerAutoReloadValue), (4 bytes).
    Removing tm_stm32_delay.o(i.TM_DELAY_TimerCreate), (80 bytes).
    Removing tm_stm32_delay.o(i.TM_DELAY_TimerDelete), (92 bytes).
    Removing tm_stm32_delay.o(i.TM_DELAY_TimerReset), (6 bytes).
    Removing tm_stm32_delay.o(i.TM_DELAY_TimerStart), (10 bytes).
    Removing tm_stm32_delay.o(i.TM_DELAY_TimerStop), (10 bytes).
    Removing tm_stm32_gpio.o(.rev16_text), (4 bytes).
    Removing tm_stm32_gpio.o(.revsh_text), (4 bytes).
    Removing tm_stm32_gpio.o(.rrx_text), (6 bytes).
    Removing tm_stm32_gpio.o(i.TM_GPIO_DeInit), (76 bytes).
    Removing tm_stm32_gpio.o(i.TM_GPIO_GetFreePins), (28 bytes).
    Removing tm_stm32_gpio.o(i.TM_GPIO_GetPinSource), (18 bytes).
    Removing tm_stm32_gpio.o(i.TM_GPIO_GetUsedPins), (24 bytes).
    Removing tm_stm32_gpio.o(i.TM_GPIO_INT_DisableClock), (24 bytes).
    Removing tm_stm32_gpio.o(i.TM_GPIO_Init), (38 bytes).
    Removing tm_stm32_gpio.o(i.TM_GPIO_Lock), (16 bytes).
    Removing tm_stm32_gpio.o(i.TM_GPIO_SetPinAsAlternate), (50 bytes).
    Removing tm_stm32_gpio.o(i.TM_GPIO_SetPinAsAnalog), (38 bytes).
    Removing tm_stm32_gpio.o(i.TM_GPIO_SetPinAsInput), (38 bytes).
    Removing tm_stm32_gpio.o(i.TM_GPIO_SetPinAsOutput), (44 bytes).
    Removing tm_stm32_gpio.o(i.TM_GPIO_SetPullResistor), (46 bytes).
    Removing tm_stm32_i2c.o(.rev16_text), (4 bytes).
    Removing tm_stm32_i2c.o(.revsh_text), (4 bytes).
    Removing tm_stm32_i2c.o(.rrx_text), (6 bytes).
    Removing tm_stm32_i2c.o(i.TM_I2C_Read16), (74 bytes).
    Removing tm_stm32_i2c.o(i.TM_I2C_ReadMultiNoRegister), (38 bytes).
    Removing tm_stm32_i2c.o(i.TM_I2C_ReadNoRegister), (40 bytes).
    Removing tm_stm32_i2c.o(i.TM_I2C_Write16), (56 bytes).
    Removing tm_stm32_i2c.o(i.TM_I2C_WriteMulti), (54 bytes).
    Removing tm_stm32_i2c.o(i.TM_I2C_WriteMultiNoRegister), (38 bytes).
    Removing tm_stm32_i2c.o(i.TM_I2C_WriteNoRegister), (46 bytes).
    Removing tm_stm32_i2c.o(i.TM_I2C_WriteReadRepeatedStart), (68 bytes).
    Removing tm_stm32_mpu6050.o(.rev16_text), (4 bytes).
    Removing tm_stm32_mpu6050.o(.revsh_text), (4 bytes).
    Removing tm_stm32_mpu6050.o(.rrx_text), (6 bytes).
    Removing tm_stm32_mpu6050.o(i.TM_MPU6050_DisableInterrupts), (28 bytes).
    Removing tm_stm32_mpu6050.o(i.TM_MPU6050_EnableInterrupts), (60 bytes).
    Removing tm_stm32_mpu6050.o(i.TM_MPU6050_ReadAccelerometer), (52 bytes).
    Removing tm_stm32_mpu6050.o(i.TM_MPU6050_ReadGyroscope), (52 bytes).
    Removing tm_stm32_mpu6050.o(i.TM_MPU6050_ReadInterrupts), (40 bytes).
    Removing tm_stm32_mpu6050.o(i.TM_MPU6050_ReadTemperature), (72 bytes).
    Removing tm_stm32_rcc.o(.rev16_text), (4 bytes).
    Removing tm_stm32_rcc.o(.revsh_text), (4 bytes).
    Removing tm_stm32_rcc.o(.rrx_text), (6 bytes).
    Removing tm_stm32_rcc.o(i.TM_RCC_InitSystem), (128 bytes).
    Removing dneg.o(.text), (6 bytes).

415 unused section(s) (total 29652 bytes) removed from the image.

==============================================================================

Image Symbol Table

    Local Symbols

    Symbol Name                              Value     Ov Type        Size  Object(Section)

    ..//Src/system_stm32f4xx.c               0x00000000   Number         0  system_stm32f4xx.o ABSOLUTE
    ../Drivers/STM32F4xx_HAL_Driver/Src/stm32f4xx_hal.c 0x00000000   Number         0  stm32f4xx_hal.o ABSOLUTE
    ../Drivers/STM32F4xx_HAL_Driver/Src/stm32f4xx_hal_cortex.c 0x00000000   Number         0  stm32f4xx_hal_cortex.o ABSOLUTE
    ../Drivers/STM32F4xx_HAL_Driver/Src/stm32f4xx_hal_dma.c 0x00000000   Number         0  stm32f4xx_hal_dma.o ABSOLUTE
    ../Drivers/STM32F4xx_HAL_Driver/Src/stm32f4xx_hal_dma_ex.c 0x00000000   Number         0  stm32f4xx_hal_dma_ex.o ABSOLUTE
    ../Drivers/STM32F4xx_HAL_Driver/Src/stm32f4xx_hal_flash.c 0x00000000   Number         0  stm32f4xx_hal_flash.o ABSOLUTE
    ../Drivers/STM32F4xx_HAL_Driver/Src/stm32f4xx_hal_flash_ex.c 0x00000000   Number         0  stm32f4xx_hal_flash_ex.o ABSOLUTE
    ../Drivers/STM32F4xx_HAL_Driver/Src/stm32f4xx_hal_flash_ramfunc.c 0x00000000   Number         0  stm32f4xx_hal_flash_ramfunc.o ABSOLUTE
    ../Drivers/STM32F4xx_HAL_Driver/Src/stm32f4xx_hal_gpio.c 0x00000000   Number         0  stm32f4xx_hal_gpio.o ABSOLUTE
    ../Drivers/STM32F4xx_HAL_Driver/Src/stm32f4xx_hal_i2c.c 0x00000000   Number         0  stm32f4xx_hal_i2c.o ABSOLUTE
    ../Drivers/STM32F4xx_HAL_Driver/Src/stm32f4xx_hal_i2c_ex.c 0x00000000   Number         0  stm32f4xx_hal_i2c_ex.o ABSOLUTE
    ../Drivers/STM32F4xx_HAL_Driver/Src/stm32f4xx_hal_pwr.c 0x00000000   Number         0  stm32f4xx_hal_pwr.o ABSOLUTE
    ../Drivers/STM32F4xx_HAL_Driver/Src/stm32f4xx_hal_pwr_ex.c 0x00000000   Number         0  stm32f4xx_hal_pwr_ex.o ABSOLUTE
    ../Drivers/STM32F4xx_HAL_Driver/Src/stm32f4xx_hal_rcc.c 0x00000000   Number         0  stm32f4xx_hal_rcc.o ABSOLUTE
    ../Drivers/STM32F4xx_HAL_Driver/Src/stm32f4xx_hal_rcc_ex.c 0x00000000   Number         0  stm32f4xx_hal_rcc_ex.o ABSOLUTE
    ../Drivers/STM32F4xx_HAL_Driver/Src/stm32f4xx_hal_tim.c 0x00000000   Number         0  stm32f4xx_hal_tim.o ABSOLUTE
    ../Drivers/STM32F4xx_HAL_Driver/Src/stm32f4xx_hal_tim_ex.c 0x00000000   Number         0  stm32f4xx_hal_tim_ex.o ABSOLUTE
    ../Src/main.c                            0x00000000   Number         0  main.o ABSOLUTE
    ../Src/stm32f4xx_hal_msp.c               0x00000000   Number         0  stm32f4xx_hal_msp.o ABSOLUTE
    ../Src/stm32f4xx_it.c                    0x00000000   Number         0  stm32f4xx_it.o ABSOLUTE
    ../clib/../cmprslib/zerorunl2.c          0x00000000   Number         0  __dczerorl2.o ABSOLUTE
    ../clib/microlib/division.c              0x00000000   Number         0  uldiv.o ABSOLUTE
    ../clib/microlib/errno.c                 0x00000000   Number         0  errno.o ABSOLUTE
    ../clib/microlib/init/entry.s            0x00000000   Number         0  entry9a.o ABSOLUTE
    ../clib/microlib/init/entry.s            0x00000000   Number         0  entry7b.o ABSOLUTE
    ../clib/microlib/init/entry.s            0x00000000   Number         0  entry9b.o ABSOLUTE
    ../clib/microlib/init/entry.s            0x00000000   Number         0  entry8a.o ABSOLUTE
    ../clib/microlib/init/entry.s            0x00000000   Number         0  entry10a.o ABSOLUTE
    ../clib/microlib/init/entry.s            0x00000000   Number         0  entry10b.o ABSOLUTE
    ../clib/microlib/init/entry.s            0x00000000   Number         0  entry8b.o ABSOLUTE
    ../clib/microlib/init/entry.s            0x00000000   Number         0  entry11a.o ABSOLUTE
    ../clib/microlib/init/entry.s            0x00000000   Number         0  entry11b.o ABSOLUTE
    ../clib/microlib/init/entry.s            0x00000000   Number         0  entry.o ABSOLUTE
    ../clib/microlib/init/entry.s            0x00000000   Number         0  entry5.o ABSOLUTE
    ../clib/microlib/init/entry.s            0x00000000   Number         0  entry2.o ABSOLUTE
    ../clib/microlib/init/entry.s            0x00000000   Number         0  entry7a.o ABSOLUTE
    ../clib/microlib/longlong.c              0x00000000   Number         0  llsshr.o ABSOLUTE
    ../clib/microlib/longlong.c              0x00000000   Number         0  llshl.o ABSOLUTE
    ../clib/microlib/longlong.c              0x00000000   Number         0  llushr.o ABSOLUTE
    ../clib/microlib/malloc/malloc.c         0x00000000   Number         0  malloc.o ABSOLUTE
    ../clib/microlib/malloc/malloc.c         0x00000000   Number         0  mallocra.o ABSOLUTE
    ../clib/microlib/malloc/malloc.c         0x00000000   Number         0  malloca.o ABSOLUTE
    ../clib/microlib/malloc/malloc.c         0x00000000   Number         0  mallocr.o ABSOLUTE
    ../clib/microlib/malloc/mvars.c          0x00000000   Number         0  mvars.o ABSOLUTE
    ../clib/microlib/string/memcpy.c         0x00000000   Number         0  memcpyb.o ABSOLUTE
    ../clib/microlib/string/memcpy.c         0x00000000   Number         0  memcpya.o ABSOLUTE
    ../clib/microlib/stubs.s                 0x00000000   Number         0  iusefp.o ABSOLUTE
    ../fplib/microlib/d2f.c                  0x00000000   Number         0  d2f.o ABSOLUTE
    ../fplib/microlib/f2d.c                  0x00000000   Number         0  f2d.o ABSOLUTE
    ../fplib/microlib/fpadd.c                0x00000000   Number         0  dadd.o ABSOLUTE
    ../fplib/microlib/fpdiv.c                0x00000000   Number         0  ddiv.o ABSOLUTE
    ../fplib/microlib/fpepilogue.c           0x00000000   Number         0  fepilogue.o ABSOLUTE
    ../fplib/microlib/fpepilogue.c           0x00000000   Number         0  depilogue.o ABSOLUTE
    ../fplib/microlib/fpfix.c                0x00000000   Number         0  dfixi.o ABSOLUTE
    ../fplib/microlib/fpflt.c                0x00000000   Number         0  dflti.o ABSOLUTE
    ../fplib/microlib/fpmul.c                0x00000000   Number         0  dmul.o ABSOLUTE
    ../fplib/microlib/fpneg.c                0x00000000   Number         0  dneg.o ABSOLUTE
    ../mathlib/atan.c                        0x00000000   Number         0  atan_x.o ABSOLUTE
    ../mathlib/atan.c                        0x00000000   Number         0  atan.o ABSOLUTE
    ../mathlib/atan2.c                       0x00000000   Number         0  atan2.o ABSOLUTE
    ../mathlib/atan2.c                       0x00000000   Number         0  atan2_x.o ABSOLUTE
    ../mathlib/dunder.c                      0x00000000   Number         0  dunder.o ABSOLUTE
    ../mathlib/fabs.c                        0x00000000   Number         0  fabs.o ABSOLUTE
    ../mathlib/fpclassify.c                  0x00000000   Number         0  fpclassify.o ABSOLUTE
    ../mathlib/poly.c                        0x00000000   Number         0  poly.o ABSOLUTE
    ../mathlib/qnan.c                        0x00000000   Number         0  qnan.o ABSOLUTE
    ..\Drivers\STM32F4xx_HAL_Driver\Src\stm32f4xx_hal.c 0x00000000   Number         0  stm32f4xx_hal.o ABSOLUTE
    ..\Drivers\STM32F4xx_HAL_Driver\Src\stm32f4xx_hal_cortex.c 0x00000000   Number         0  stm32f4xx_hal_cortex.o ABSOLUTE
    ..\Drivers\STM32F4xx_HAL_Driver\Src\stm32f4xx_hal_dma.c 0x00000000   Number         0  stm32f4xx_hal_dma.o ABSOLUTE
    ..\Drivers\STM32F4xx_HAL_Driver\Src\stm32f4xx_hal_dma_ex.c 0x00000000   Number         0  stm32f4xx_hal_dma_ex.o ABSOLUTE
    ..\Drivers\STM32F4xx_HAL_Driver\Src\stm32f4xx_hal_flash.c 0x00000000   Number         0  stm32f4xx_hal_flash.o ABSOLUTE
    ..\Drivers\STM32F4xx_HAL_Driver\Src\stm32f4xx_hal_flash_ex.c 0x00000000   Number         0  stm32f4xx_hal_flash_ex.o ABSOLUTE
    ..\Drivers\STM32F4xx_HAL_Driver\Src\stm32f4xx_hal_flash_ramfunc.c 0x00000000   Number         0  stm32f4xx_hal_flash_ramfunc.o ABSOLUTE
    ..\Drivers\STM32F4xx_HAL_Driver\Src\stm32f4xx_hal_gpio.c 0x00000000   Number         0  stm32f4xx_hal_gpio.o ABSOLUTE
    ..\Drivers\STM32F4xx_HAL_Driver\Src\stm32f4xx_hal_i2c.c 0x00000000   Number         0  stm32f4xx_hal_i2c.o ABSOLUTE
    ..\Drivers\STM32F4xx_HAL_Driver\Src\stm32f4xx_hal_i2c_ex.c 0x00000000   Number         0  stm32f4xx_hal_i2c_ex.o ABSOLUTE
    ..\Drivers\STM32F4xx_HAL_Driver\Src\stm32f4xx_hal_pwr.c 0x00000000   Number         0  stm32f4xx_hal_pwr.o ABSOLUTE
    ..\Drivers\STM32F4xx_HAL_Driver\Src\stm32f4xx_hal_pwr_ex.c 0x00000000   Number         0  stm32f4xx_hal_pwr_ex.o ABSOLUTE
    ..\Drivers\STM32F4xx_HAL_Driver\Src\stm32f4xx_hal_rcc.c 0x00000000   Number         0  stm32f4xx_hal_rcc.o ABSOLUTE
    ..\Drivers\STM32F4xx_HAL_Driver\Src\stm32f4xx_hal_rcc_ex.c 0x00000000   Number         0  stm32f4xx_hal_rcc_ex.o ABSOLUTE
    ..\Drivers\STM32F4xx_HAL_Driver\Src\stm32f4xx_hal_tim.c 0x00000000   Number         0  stm32f4xx_hal_tim.o ABSOLUTE
    ..\Drivers\STM32F4xx_HAL_Driver\Src\stm32f4xx_hal_tim_ex.c 0x00000000   Number         0  stm32f4xx_hal_tim_ex.o ABSOLUTE
    ..\Src\main.c                            0x00000000   Number         0  main.o ABSOLUTE
    ..\Src\stm32f4xx_hal_msp.c               0x00000000   Number         0  stm32f4xx_hal_msp.o ABSOLUTE
    ..\Src\stm32f4xx_it.c                    0x00000000   Number         0  stm32f4xx_it.o ABSOLUTE
    ..\Src\tm_stm32_delay.c                  0x00000000   Number         0  tm_stm32_delay.o ABSOLUTE
    ..\Src\tm_stm32_gpio.c                   0x00000000   Number         0  tm_stm32_gpio.o ABSOLUTE
    ..\Src\tm_stm32_i2c.c                    0x00000000   Number         0  tm_stm32_i2c.o ABSOLUTE
    ..\Src\tm_stm32_mpu6050.c                0x00000000   Number         0  tm_stm32_mpu6050.o ABSOLUTE
    ..\Src\tm_stm32_rcc.c                    0x00000000   Number         0  tm_stm32_rcc.o ABSOLUTE
    ..\\Src\\tm_stm32_delay.c                0x00000000   Number         0  tm_stm32_delay.o ABSOLUTE
    ..\\Src\\tm_stm32_gpio.c                 0x00000000   Number         0  tm_stm32_gpio.o ABSOLUTE
    ..\\Src\\tm_stm32_i2c.c                  0x00000000   Number         0  tm_stm32_i2c.o ABSOLUTE
    ..\\Src\\tm_stm32_mpu6050.c              0x00000000   Number         0  tm_stm32_mpu6050.o ABSOLUTE
    ..\\Src\\tm_stm32_rcc.c                  0x00000000   Number         0  tm_stm32_rcc.o ABSOLUTE
    ..\\Src\system_stm32f4xx.c               0x00000000   Number         0  system_stm32f4xx.o ABSOLUTE
    cdcmple.s                                0x00000000   Number         0  cdcmple.o ABSOLUTE
    cdrcmple.s                               0x00000000   Number         0  cdrcmple.o ABSOLUTE
    dc.s                                     0x00000000   Number         0  dc.o ABSOLUTE
    handlers.s                               0x00000000   Number         0  handlers.o ABSOLUTE
    init.s                                   0x00000000   Number         0  init.o ABSOLUTE
    startup_stm32f407xx.s                    0x00000000   Number         0  startup_stm32f407xx.o ABSOLUTE
    RESET                                    0x08000000   Section      392  startup_stm32f407xx.o(RESET)
    .ARM.Collect$$$$00000000                 0x08000188   Section        0  entry.o(.ARM.Collect$$$$00000000)
    .ARM.Collect$$$$00000001                 0x08000188   Section        4  entry2.o(.ARM.Collect$$$$00000001)
    .ARM.Collect$$$$00000004                 0x0800018c   Section        4  entry5.o(.ARM.Collect$$$$00000004)
    .ARM.Collect$$$$00000008                 0x08000190   Section        0  entry7b.o(.ARM.Collect$$$$00000008)
    .ARM.Collect$$$$0000000A                 0x08000190   Section        0  entry8b.o(.ARM.Collect$$$$0000000A)
    .ARM.Collect$$$$0000000B                 0x08000190   Section        8  entry9a.o(.ARM.Collect$$$$0000000B)
    .ARM.Collect$$$$0000000D                 0x08000198   Section        0  entry10a.o(.ARM.Collect$$$$0000000D)
    .ARM.Collect$$$$0000000F                 0x08000198   Section        0  entry11a.o(.ARM.Collect$$$$0000000F)
    .ARM.Collect$$$$00002712                 0x08000198   Section        4  entry2.o(.ARM.Collect$$$$00002712)
    __lit__00000000                          0x08000198   Data           4  entry2.o(.ARM.Collect$$$$00002712)
    .text                                    0x0800019c   Section       36  startup_stm32f407xx.o(.text)
    $v0                                      0x0800019c   Number         0  startup_stm32f407xx.o(.text)
    .text                                    0x080001c0   Section        0  uldiv.o(.text)
    .text                                    0x08000222   Section        0  dadd.o(.text)
    .text                                    0x08000370   Section        0  dmul.o(.text)
    .text                                    0x08000454   Section        0  ddiv.o(.text)
    .text                                    0x08000532   Section        0  dflti.o(.text)
    .text                                    0x08000554   Section        0  dfixi.o(.text)
    .text                                    0x08000592   Section        0  f2d.o(.text)
    .text                                    0x080005b8   Section       40  cdcmple.o(.text)
    .text                                    0x080005e0   Section       40  cdrcmple.o(.text)
    .text                                    0x08000608   Section        0  d2f.o(.text)
    .text                                    0x08000640   Section        0  llshl.o(.text)
    .text                                    0x0800065e   Section        0  llushr.o(.text)
    .text                                    0x0800067e   Section        0  llsshr.o(.text)
    .text                                    0x080006a2   Section        0  fepilogue.o(.text)
    .text                                    0x080006a2   Section        0  iusefp.o(.text)
    .text                                    0x0800070e   Section        0  depilogue.o(.text)
    .text                                    0x080007cc   Section       36  init.o(.text)
    .text                                    0x080007f0   Section        0  __dczerorl2.o(.text)
    i.AdvanceForward                         0x0800084c   Section        0  main.o(i.AdvanceForward)
    i.BusFault_Handler                       0x0800089c   Section        0  stm32f4xx_it.o(i.BusFault_Handler)
    i.DebugMon_Handler                       0x0800089e   Section        0  stm32f4xx_it.o(i.DebugMon_Handler)
    i.HAL_Delay                              0x080008a0   Section        0  tm_stm32_delay.o(i.HAL_Delay)
    i.HAL_GPIO_Init                          0x080008cc   Section        0  stm32f4xx_hal_gpio.o(i.HAL_GPIO_Init)
    i.HAL_GPIO_ReadPin                       0x08000a80   Section        0  stm32f4xx_hal_gpio.o(i.HAL_GPIO_ReadPin)
    i.HAL_GetTick                            0x08000a8c   Section        0  tm_stm32_delay.o(i.HAL_GetTick)
    i.HAL_I2C_GetError                       0x08000a98   Section        0  stm32f4xx_hal_i2c.o(i.HAL_I2C_GetError)
    i.HAL_I2C_Init                           0x08000a9c   Section        0  stm32f4xx_hal_i2c.o(i.HAL_I2C_Init)
    i.HAL_I2C_IsDeviceReady                  0x08000ba0   Section        0  stm32f4xx_hal_i2c.o(i.HAL_I2C_IsDeviceReady)
    i.HAL_I2C_Master_Receive                 0x08000cfc   Section        0  stm32f4xx_hal_i2c.o(i.HAL_I2C_Master_Receive)
    i.HAL_I2C_Master_Transmit                0x08000ef0   Section        0  stm32f4xx_hal_i2c.o(i.HAL_I2C_Master_Transmit)
    i.HAL_I2C_MspInit                        0x08001034   Section        0  stm32f4xx_hal_msp.o(i.HAL_I2C_MspInit)
    i.HAL_IncTick                            0x08001080   Section        0  tm_stm32_delay.o(i.HAL_IncTick)
    i.HAL_Init                               0x080010ec   Section        0  stm32f4xx_hal.o(i.HAL_Init)
    i.HAL_InitTick                           0x08001120   Section        0  stm32f4xx_hal.o(i.HAL_InitTick)
    i.HAL_MspInit                            0x08001160   Section        0  stm32f4xx_hal_msp.o(i.HAL_MspInit)
    i.HAL_NVIC_EnableIRQ                     0x080011b8   Section        0  stm32f4xx_hal_cortex.o(i.HAL_NVIC_EnableIRQ)
    i.HAL_NVIC_SetPriority                   0x080011d0   Section        0  stm32f4xx_hal_cortex.o(i.HAL_NVIC_SetPriority)
    i.HAL_NVIC_SetPriorityGrouping           0x08001210   Section        0  stm32f4xx_hal_cortex.o(i.HAL_NVIC_SetPriorityGrouping)
    i.HAL_RCC_ClockConfig                    0x08001234   Section        0  stm32f4xx_hal_rcc.o(i.HAL_RCC_ClockConfig)
    i.HAL_RCC_GetHCLKFreq                    0x08001364   Section        0  stm32f4xx_hal_rcc.o(i.HAL_RCC_GetHCLKFreq)
    i.HAL_RCC_GetPCLK1Freq                   0x08001370   Section        0  stm32f4xx_hal_rcc.o(i.HAL_RCC_GetPCLK1Freq)
    i.HAL_RCC_GetSysClockFreq                0x08001390   Section        0  stm32f4xx_hal_rcc.o(i.HAL_RCC_GetSysClockFreq)
    i.HAL_RCC_OscConfig                      0x080013f4   Section        0  stm32f4xx_hal_rcc.o(i.HAL_RCC_OscConfig)
    i.HAL_SYSTICK_CLKSourceConfig            0x08001714   Section        0  stm32f4xx_hal_cortex.o(i.HAL_SYSTICK_CLKSourceConfig)
    i.HAL_SYSTICK_Callback                   0x0800172c   Section        0  stm32f4xx_hal_cortex.o(i.HAL_SYSTICK_Callback)
    i.HAL_SYSTICK_Config                     0x0800172e   Section        0  stm32f4xx_hal_cortex.o(i.HAL_SYSTICK_Config)
    i.HAL_SYSTICK_IRQHandler                 0x08001756   Section        0  stm32f4xx_hal_cortex.o(i.HAL_SYSTICK_IRQHandler)
    i.HAL_TIMEx_BreakCallback                0x0800175e   Section        0  stm32f4xx_hal_tim_ex.o(i.HAL_TIMEx_BreakCallback)
    i.HAL_TIMEx_CommutationCallback          0x08001760   Section        0  stm32f4xx_hal_tim_ex.o(i.HAL_TIMEx_CommutationCallback)
    i.HAL_TIMEx_MasterConfigSynchronization  0x08001762   Section        0  stm32f4xx_hal_tim_ex.o(i.HAL_TIMEx_MasterConfigSynchronization)
    i.HAL_TIM_Base_Init                      0x080017b2   Section        0  stm32f4xx_hal_tim.o(i.HAL_TIM_Base_Init)
    i.HAL_TIM_Base_MspInit                   0x080017e8   Section        0  stm32f4xx_hal_msp.o(i.HAL_TIM_Base_MspInit)
    i.HAL_TIM_ConfigClockSource              0x08001824   Section        0  stm32f4xx_hal_tim.o(i.HAL_TIM_ConfigClockSource)
    i.HAL_TIM_IC_CaptureCallback             0x08001914   Section        0  stm32f4xx_hal_tim.o(i.HAL_TIM_IC_CaptureCallback)
    i.HAL_TIM_IRQHandler                     0x08001916   Section        0  stm32f4xx_hal_tim.o(i.HAL_TIM_IRQHandler)
    i.HAL_TIM_MspPostInit                    0x08001a7c   Section        0  stm32f4xx_hal_msp.o(i.HAL_TIM_MspPostInit)
    i.HAL_TIM_OC_DelayElapsedCallback        0x08001ab0   Section        0  stm32f4xx_hal_tim.o(i.HAL_TIM_OC_DelayElapsedCallback)
    i.HAL_TIM_PWM_ConfigChannel              0x08001ab2   Section        0  stm32f4xx_hal_tim.o(i.HAL_TIM_PWM_ConfigChannel)
    i.HAL_TIM_PWM_Init                       0x08001b80   Section        0  stm32f4xx_hal_tim.o(i.HAL_TIM_PWM_Init)
    i.HAL_TIM_PWM_MspInit                    0x08001bb6   Section        0  stm32f4xx_hal_tim.o(i.HAL_TIM_PWM_MspInit)
    i.HAL_TIM_PWM_PulseFinishedCallback      0x08001bb8   Section        0  stm32f4xx_hal_tim.o(i.HAL_TIM_PWM_PulseFinishedCallback)
    i.HAL_TIM_PWM_Start                      0x08001bbc   Section        0  stm32f4xx_hal_tim.o(i.HAL_TIM_PWM_Start)
    i.HAL_TIM_PeriodElapsedCallback          0x08001bf4   Section        0  stm32f4xx_hal_tim.o(i.HAL_TIM_PeriodElapsedCallback)
    i.HAL_TIM_TriggerCallback                0x08001bf6   Section        0  stm32f4xx_hal_tim.o(i.HAL_TIM_TriggerCallback)
    i.HardFault_Handler                      0x08001bf8   Section        0  stm32f4xx_it.o(i.HardFault_Handler)
    i.I2C_IsAcknowledgeFailed                0x08001bfa   Section        0  stm32f4xx_hal_i2c.o(i.I2C_IsAcknowledgeFailed)
    I2C_IsAcknowledgeFailed                  0x08001bfb   Thumb Code    40  stm32f4xx_hal_i2c.o(i.I2C_IsAcknowledgeFailed)
    i.I2C_MasterRequestRead                  0x08001c22   Section        0  stm32f4xx_hal_i2c.o(i.I2C_MasterRequestRead)
    I2C_MasterRequestRead                    0x08001c23   Thumb Code   222  stm32f4xx_hal_i2c.o(i.I2C_MasterRequestRead)
    i.I2C_MasterRequestWrite                 0x08001d00   Section        0  stm32f4xx_hal_i2c.o(i.I2C_MasterRequestWrite)
    I2C_MasterRequestWrite                   0x08001d01   Thumb Code   142  stm32f4xx_hal_i2c.o(i.I2C_MasterRequestWrite)
    i.I2C_WaitOnBTFFlagUntilTimeout          0x08001d94   Section        0  stm32f4xx_hal_i2c.o(i.I2C_WaitOnBTFFlagUntilTimeout)
    I2C_WaitOnBTFFlagUntilTimeout            0x08001d95   Thumb Code    84  stm32f4xx_hal_i2c.o(i.I2C_WaitOnBTFFlagUntilTimeout)
    i.I2C_WaitOnFlagUntilTimeout             0x08001de8   Section        0  stm32f4xx_hal_i2c.o(i.I2C_WaitOnFlagUntilTimeout)
    I2C_WaitOnFlagUntilTimeout               0x08001de9   Thumb Code    96  stm32f4xx_hal_i2c.o(i.I2C_WaitOnFlagUntilTimeout)
    i.I2C_WaitOnMasterAddressFlagUntilTimeout 0x08001e48   Section        0  stm32f4xx_hal_i2c.o(i.I2C_WaitOnMasterAddressFlagUntilTimeout)
    I2C_WaitOnMasterAddressFlagUntilTimeout  0x08001e49   Thumb Code   136  stm32f4xx_hal_i2c.o(i.I2C_WaitOnMasterAddressFlagUntilTimeout)
    i.I2C_WaitOnRXNEFlagUntilTimeout         0x08001ed0   Section        0  stm32f4xx_hal_i2c.o(i.I2C_WaitOnRXNEFlagUntilTimeout)
    I2C_WaitOnRXNEFlagUntilTimeout           0x08001ed1   Thumb Code   100  stm32f4xx_hal_i2c.o(i.I2C_WaitOnRXNEFlagUntilTimeout)
    i.I2C_WaitOnTXEFlagUntilTimeout          0x08001f34   Section        0  stm32f4xx_hal_i2c.o(i.I2C_WaitOnTXEFlagUntilTimeout)
    I2C_WaitOnTXEFlagUntilTimeout            0x08001f35   Thumb Code    84  stm32f4xx_hal_i2c.o(i.I2C_WaitOnTXEFlagUntilTimeout)
    i.MX_I2C1_Init                           0x08001f88   Section        0  main.o(i.MX_I2C1_Init)
    MX_I2C1_Init                             0x08001f89   Thumb Code    44  main.o(i.MX_I2C1_Init)
    i.MX_TIM4_Init                           0x08001fc0   Section        0  main.o(i.MX_TIM4_Init)
    MX_TIM4_Init                             0x08001fc1   Thumb Code   162  main.o(i.MX_TIM4_Init)
    i.MemManage_Handler                      0x0800206c   Section        0  stm32f4xx_it.o(i.MemManage_Handler)
    i.NMI_Handler                            0x0800206e   Section        0  stm32f4xx_it.o(i.NMI_Handler)
    i.NVIC_SetPriority                       0x08002070   Section        0  stm32f4xx_hal_cortex.o(i.NVIC_SetPriority)
    NVIC_SetPriority                         0x08002071   Thumb Code    22  stm32f4xx_hal_cortex.o(i.NVIC_SetPriority)
    i.PendSV_Handler                         0x08002090   Section        0  stm32f4xx_it.o(i.PendSV_Handler)
    i.SVC_Handler                            0x08002092   Section        0  stm32f4xx_it.o(i.SVC_Handler)
    i.SysTick_Handler                        0x08002094   Section        0  stm32f4xx_it.o(i.SysTick_Handler)
    i.SystemClock_Config                     0x080020a4   Section        0  main.o(i.SystemClock_Config)
    i.SystemInit                             0x0800212c   Section        0  system_stm32f4xx.o(i.SystemInit)
    i.TIM4_IRQHandler                        0x08002180   Section        0  stm32f4xx_it.o(i.TIM4_IRQHandler)
    i.TIM_Base_SetConfig                     0x0800218c   Section        0  stm32f4xx_hal_tim.o(i.TIM_Base_SetConfig)
    i.TIM_CCxChannelCmd                      0x0800224c   Section        0  stm32f4xx_hal_tim.o(i.TIM_CCxChannelCmd)
    i.TIM_ETR_SetConfig                      0x08002262   Section        0  stm32f4xx_hal_tim.o(i.TIM_ETR_SetConfig)
    TIM_ETR_SetConfig                        0x08002263   Thumb Code    20  stm32f4xx_hal_tim.o(i.TIM_ETR_SetConfig)
    i.TIM_ITRx_SetConfig                     0x08002276   Section        0  stm32f4xx_hal_tim.o(i.TIM_ITRx_SetConfig)
    TIM_ITRx_SetConfig                       0x08002277   Thumb Code    16  stm32f4xx_hal_tim.o(i.TIM_ITRx_SetConfig)
    i.TIM_OC1_SetConfig                      0x08002288   Section        0  stm32f4xx_hal_tim.o(i.TIM_OC1_SetConfig)
    TIM_OC1_SetConfig                        0x08002289   Thumb Code    80  stm32f4xx_hal_tim.o(i.TIM_OC1_SetConfig)
    i.TIM_OC2_SetConfig                      0x080022e0   Section        0  stm32f4xx_hal_tim.o(i.TIM_OC2_SetConfig)
    i.TIM_OC3_SetConfig                      0x08002344   Section        0  stm32f4xx_hal_tim.o(i.TIM_OC3_SetConfig)
    TIM_OC3_SetConfig                        0x08002345   Thumb Code    88  stm32f4xx_hal_tim.o(i.TIM_OC3_SetConfig)
    i.TIM_OC4_SetConfig                      0x080023a4   Section        0  stm32f4xx_hal_tim.o(i.TIM_OC4_SetConfig)
    TIM_OC4_SetConfig                        0x080023a5   Thumb Code    70  stm32f4xx_hal_tim.o(i.TIM_OC4_SetConfig)
    i.TIM_TI1_ConfigInputStage               0x080023f4   Section        0  stm32f4xx_hal_tim.o(i.TIM_TI1_ConfigInputStage)
    TIM_TI1_ConfigInputStage                 0x080023f5   Thumb Code    34  stm32f4xx_hal_tim.o(i.TIM_TI1_ConfigInputStage)
    i.TIM_TI2_ConfigInputStage               0x08002416   Section        0  stm32f4xx_hal_tim.o(i.TIM_TI2_ConfigInputStage)
    TIM_TI2_ConfigInputStage                 0x08002417   Thumb Code    36  stm32f4xx_hal_tim.o(i.TIM_TI2_ConfigInputStage)
    i.TM_DELAY_1msHandler                    0x0800243a   Section        0  tm_stm32_delay.o(i.TM_DELAY_1msHandler)
    i.TM_DELAY_Init                          0x0800243c   Section        0  tm_stm32_delay.o(i.TM_DELAY_Init)
    i.TM_GPIO_GetPortSource                  0x08002478   Section        0  tm_stm32_gpio.o(i.TM_GPIO_GetPortSource)
    i.TM_GPIO_INT_EnableClock                0x08002488   Section        0  tm_stm32_gpio.o(i.TM_GPIO_INT_EnableClock)
    i.TM_GPIO_INT_Init                       0x080024a0   Section        0  tm_stm32_gpio.o(i.TM_GPIO_INT_Init)
    i.TM_GPIO_InitAlternate                  0x08002540   Section        0  tm_stm32_gpio.o(i.TM_GPIO_InitAlternate)
    i.TM_I2C_GetHandle                       0x080025a0   Section        0  tm_stm32_i2c.o(i.TM_I2C_GetHandle)
    i.TM_I2C_Init                            0x080025d8   Section        0  tm_stm32_i2c.o(i.TM_I2C_Init)
    i.TM_I2C_InitCustomPinsCallback          0x08002730   Section        0  tm_stm32_i2c.o(i.TM_I2C_InitCustomPinsCallback)
    i.TM_I2C_IsDeviceConnected               0x08002732   Section        0  tm_stm32_i2c.o(i.TM_I2C_IsDeviceConnected)
    i.TM_I2C_Read                            0x0800274c   Section        0  tm_stm32_i2c.o(i.TM_I2C_Read)
    i.TM_I2C_ReadMulti                       0x0800278a   Section        0  tm_stm32_i2c.o(i.TM_I2C_ReadMulti)
    i.TM_I2C_Write                           0x080027ce   Section        0  tm_stm32_i2c.o(i.TM_I2C_Write)
    i.TM_MPU6050_Init                        0x08002800   Section        0  tm_stm32_mpu6050.o(i.TM_MPU6050_Init)
    i.TM_MPU6050_ReadAll                     0x08002870   Section        0  tm_stm32_mpu6050.o(i.TM_MPU6050_ReadAll)
    i.TM_MPU6050_SetAccelerometer            0x080028ec   Section        0  tm_stm32_mpu6050.o(i.TM_MPU6050_SetAccelerometer)
    i.TM_MPU6050_SetDataRate                 0x08002960   Section        0  tm_stm32_mpu6050.o(i.TM_MPU6050_SetDataRate)
    i.TM_MPU6050_SetGyroscope                0x0800297c   Section        0  tm_stm32_mpu6050.o(i.TM_MPU6050_SetGyroscope)
    i.UsageFault_Handler                     0x080029f0   Section        0  stm32f4xx_it.o(i.UsageFault_Handler)
    i.__ARM_fpclassify                       0x080029f2   Section        0  fpclassify.o(i.__ARM_fpclassify)
    i.__hardfp_atan                          0x08002a28   Section        0  atan.o(i.__hardfp_atan)
    i.__hardfp_atan2                         0x08002d10   Section        0  atan2.o(i.__hardfp_atan2)
    i.__kernel_poly                          0x08002ef0   Section        0  poly.o(i.__kernel_poly)
    i.__mathlib_dbl_underflow                0x08002fe8   Section        0  dunder.o(i.__mathlib_dbl_underflow)
    i.__scatterload_copy                     0x08003008   Section       14  handlers.o(i.__scatterload_copy)
    i.__scatterload_null                     0x08003016   Section        2  handlers.o(i.__scatterload_null)
    i.__scatterload_zeroinit                 0x08003018   Section       14  handlers.o(i.__scatterload_zeroinit)
    i.atan                                   0x08003026   Section        0  atan.o(i.atan)
    i.fabs                                   0x08003036   Section        0  fabs.o(i.fabs)
    i.main                                   0x08003058   Section        0  main.o(i.main)
    i.turnLeft                               0x08003418   Section        0  main.o(i.turnLeft)
    i.turnRight                              0x08003450   Section        0  main.o(i.turnRight)
    i.update_dutycycle                       0x08003488   Section        0  main.o(i.update_dutycycle)
    .constdata                               0x080034a0   Section       16  system_stm32f4xx.o(.constdata)
    .constdata                               0x080034b0   Section        8  system_stm32f4xx.o(.constdata)
    .constdata                               0x080034b8   Section      152  atan.o(.constdata)
    atanhi                                   0x080034b8   Data          32  atan.o(.constdata)
    atanlo                                   0x080034d8   Data          32  atan.o(.constdata)
    aTodd                                    0x080034f8   Data          40  atan.o(.constdata)
    aTeven                                   0x08003520   Data          48  atan.o(.constdata)
    .constdata                               0x08003550   Section        8  qnan.o(.constdata)
    .data                                    0x20000000   Section      128  main.o(.data)
    .data                                    0x20000080   Section        4  system_stm32f4xx.o(.data)
    .data                                    0x20000084   Section       12  stm32f4xx_hal.o(.data)
    .data                                    0x20000090   Section        8  tm_stm32_delay.o(.data)
    .data                                    0x20000098   Section      252  tm_stm32_i2c.o(.data)
    I2C1Handle                               0x20000098   Data          84  tm_stm32_i2c.o(.data)
    I2C2Handle                               0x200000ec   Data          84  tm_stm32_i2c.o(.data)
    I2C3Handle                               0x20000140   Data          84  tm_stm32_i2c.o(.data)
    .bss                                     0x20000194   Section      172  main.o(.bss)
    .bss                                     0x20000240   Section       24  tm_stm32_delay.o(.bss)
    CustomTimers                             0x20000240   Data          24  tm_stm32_delay.o(.bss)
    .bss                                     0x20000258   Section       26  tm_stm32_gpio.o(.bss)
    GPIO_UsedPins                            0x20000258   Data          26  tm_stm32_gpio.o(.bss)
    STACK                                    0x20000278   Section     1024  startup_stm32f407xx.o(STACK)

    Global Symbols

    Symbol Name                              Value     Ov Type        Size  Object(Section)

    BuildAttributes$$THM_ISAv4$E$P$D$K$B$S$7EM$VFPi3$EXTD16$VFPS$VFMA$PE$A:L22UL41UL21$X:L11$S22US41US21$IEEE1$IW$USESV6$~STKCKD$USESV7$~SHL$OTIME$ROPI$IEEEX$EBA8$MICROLIB$REQ8$PRES8$EABIv2 0x00000000   Number         0  anon$$obj.o ABSOLUTE
    __ARM_use_no_argv                        0x00000000   Number         0  main.o ABSOLUTE
    __cpp_initialize__aeabi_                  - Undefined Weak Reference
    __cxa_finalize                            - Undefined Weak Reference
    _clock_init                               - Undefined Weak Reference
    _microlib_exit                            - Undefined Weak Reference
    __Vectors_Size                           0x00000188   Number         0  startup_stm32f407xx.o ABSOLUTE
    __Vectors                                0x08000000   Data           4  startup_stm32f407xx.o(RESET)
    __Vectors_End                            0x08000188   Data           0  startup_stm32f407xx.o(RESET)
    __main                                   0x08000189   Thumb Code     0  entry.o(.ARM.Collect$$$$00000000)
    _main_stk                                0x08000189   Thumb Code     0  entry2.o(.ARM.Collect$$$$00000001)
    _main_scatterload                        0x0800018d   Thumb Code     0  entry5.o(.ARM.Collect$$$$00000004)
    __main_after_scatterload                 0x08000191   Thumb Code     0  entry5.o(.ARM.Collect$$$$00000004)
    _main_clock                              0x08000191   Thumb Code     0  entry7b.o(.ARM.Collect$$$$00000008)
    _main_cpp_init                           0x08000191   Thumb Code     0  entry8b.o(.ARM.Collect$$$$0000000A)
    _main_init                               0x08000191   Thumb Code     0  entry9a.o(.ARM.Collect$$$$0000000B)
    __rt_final_cpp                           0x08000199   Thumb Code     0  entry10a.o(.ARM.Collect$$$$0000000D)
    __rt_final_exit                          0x08000199   Thumb Code     0  entry11a.o(.ARM.Collect$$$$0000000F)
    Reset_Handler                            0x0800019d   Thumb Code     8  startup_stm32f407xx.o(.text)
    ADC_IRQHandler                           0x080001b7   Thumb Code     0  startup_stm32f407xx.o(.text)
    CAN1_RX0_IRQHandler                      0x080001b7   Thumb Code     0  startup_stm32f407xx.o(.text)
    CAN1_RX1_IRQHandler                      0x080001b7   Thumb Code     0  startup_stm32f407xx.o(.text)
    CAN1_SCE_IRQHandler                      0x080001b7   Thumb Code     0  startup_stm32f407xx.o(.text)
    CAN1_TX_IRQHandler                       0x080001b7   Thumb Code     0  startup_stm32f407xx.o(.text)
    CAN2_RX0_IRQHandler                      0x080001b7   Thumb Code     0  startup_stm32f407xx.o(.text)
    CAN2_RX1_IRQHandler                      0x080001b7   Thumb Code     0  startup_stm32f407xx.o(.text)
    CAN2_SCE_IRQHandler                      0x080001b7   Thumb Code     0  startup_stm32f407xx.o(.text)
    CAN2_TX_IRQHandler                       0x080001b7   Thumb Code     0  startup_stm32f407xx.o(.text)
    DCMI_IRQHandler                          0x080001b7   Thumb Code     0  startup_stm32f407xx.o(.text)
    DMA1_Stream0_IRQHandler                  0x080001b7   Thumb Code     0  startup_stm32f407xx.o(.text)
    DMA1_Stream1_IRQHandler                  0x080001b7   Thumb Code     0  startup_stm32f407xx.o(.text)
    DMA1_Stream2_IRQHandler                  0x080001b7   Thumb Code     0  startup_stm32f407xx.o(.text)
    DMA1_Stream3_IRQHandler                  0x080001b7   Thumb Code     0  startup_stm32f407xx.o(.text)
    DMA1_Stream4_IRQHandler                  0x080001b7   Thumb Code     0  startup_stm32f407xx.o(.text)
    DMA1_Stream5_IRQHandler                  0x080001b7   Thumb Code     0  startup_stm32f407xx.o(.text)
    DMA1_Stream6_IRQHandler                  0x080001b7   Thumb Code     0  startup_stm32f407xx.o(.text)
    DMA1_Stream7_IRQHandler                  0x080001b7   Thumb Code     0  startup_stm32f407xx.o(.text)
    DMA2_Stream0_IRQHandler                  0x080001b7   Thumb Code     0  startup_stm32f407xx.o(.text)
    DMA2_Stream1_IRQHandler                  0x080001b7   Thumb Code     0  startup_stm32f407xx.o(.text)
    DMA2_Stream2_IRQHandler                  0x080001b7   Thumb Code     0  startup_stm32f407xx.o(.text)
    DMA2_Stream3_IRQHandler                  0x080001b7   Thumb Code     0  startup_stm32f407xx.o(.text)
    DMA2_Stream4_IRQHandler                  0x080001b7   Thumb Code     0  startup_stm32f407xx.o(.text)
    DMA2_Stream5_IRQHandler                  0x080001b7   Thumb Code     0  startup_stm32f407xx.o(.text)
    DMA2_Stream6_IRQHandler                  0x080001b7   Thumb Code     0  startup_stm32f407xx.o(.text)
    DMA2_Stream7_IRQHandler                  0x080001b7   Thumb Code     0  startup_stm32f407xx.o(.text)
    ETH_IRQHandler                           0x080001b7   Thumb Code     0  startup_stm32f407xx.o(.text)
    ETH_WKUP_IRQHandler                      0x080001b7   Thumb Code     0  startup_stm32f407xx.o(.text)
    EXTI0_IRQHandler                         0x080001b7   Thumb Code     0  startup_stm32f407xx.o(.text)
    EXTI15_10_IRQHandler                     0x080001b7   Thumb Code     0  startup_stm32f407xx.o(.text)
    EXTI1_IRQHandler                         0x080001b7   Thumb Code     0  startup_stm32f407xx.o(.text)
    EXTI2_IRQHandler                         0x080001b7   Thumb Code     0  startup_stm32f407xx.o(.text)
    EXTI3_IRQHandler                         0x080001b7   Thumb Code     0  startup_stm32f407xx.o(.text)
    EXTI4_IRQHandler                         0x080001b7   Thumb Code     0  startup_stm32f407xx.o(.text)
    EXTI9_5_IRQHandler                       0x080001b7   Thumb Code     0  startup_stm32f407xx.o(.text)
    FLASH_IRQHandler                         0x080001b7   Thumb Code     0  startup_stm32f407xx.o(.text)
    FMC_IRQHandler                           0x080001b7   Thumb Code     0  startup_stm32f407xx.o(.text)
    FPU_IRQHandler                           0x080001b7   Thumb Code     0  startup_stm32f407xx.o(.text)
    HASH_RNG_IRQHandler                      0x080001b7   Thumb Code     0  startup_stm32f407xx.o(.text)
    I2C1_ER_IRQHandler                       0x080001b7   Thumb Code     0  startup_stm32f407xx.o(.text)
    I2C1_EV_IRQHandler                       0x080001b7   Thumb Code     0  startup_stm32f407xx.o(.text)
    I2C2_ER_IRQHandler                       0x080001b7   Thumb Code     0  startup_stm32f407xx.o(.text)
    I2C2_EV_IRQHandler                       0x080001b7   Thumb Code     0  startup_stm32f407xx.o(.text)
    I2C3_ER_IRQHandler                       0x080001b7   Thumb Code     0  startup_stm32f407xx.o(.text)
    I2C3_EV_IRQHandler                       0x080001b7   Thumb Code     0  startup_stm32f407xx.o(.text)
    OTG_FS_IRQHandler                        0x080001b7   Thumb Code     0  startup_stm32f407xx.o(.text)
    OTG_FS_WKUP_IRQHandler                   0x080001b7   Thumb Code     0  startup_stm32f407xx.o(.text)
    OTG_HS_EP1_IN_IRQHandler                 0x080001b7   Thumb Code     0  startup_stm32f407xx.o(.text)
    OTG_HS_EP1_OUT_IRQHandler                0x080001b7   Thumb Code     0  startup_stm32f407xx.o(.text)
    OTG_HS_IRQHandler                        0x080001b7   Thumb Code     0  startup_stm32f407xx.o(.text)
    OTG_HS_WKUP_IRQHandler                   0x080001b7   Thumb Code     0  startup_stm32f407xx.o(.text)
    PVD_IRQHandler                           0x080001b7   Thumb Code     0  startup_stm32f407xx.o(.text)
    RCC_IRQHandler                           0x080001b7   Thumb Code     0  startup_stm32f407xx.o(.text)
    RTC_Alarm_IRQHandler                     0x080001b7   Thumb Code     0  startup_stm32f407xx.o(.text)
    RTC_WKUP_IRQHandler                      0x080001b7   Thumb Code     0  startup_stm32f407xx.o(.text)
    SDIO_IRQHandler                          0x080001b7   Thumb Code     0  startup_stm32f407xx.o(.text)
    SPI1_IRQHandler                          0x080001b7   Thumb Code     0  startup_stm32f407xx.o(.text)
    SPI2_IRQHandler                          0x080001b7   Thumb Code     0  startup_stm32f407xx.o(.text)
    SPI3_IRQHandler                          0x080001b7   Thumb Code     0  startup_stm32f407xx.o(.text)
    TAMP_STAMP_IRQHandler                    0x080001b7   Thumb Code     0  startup_stm32f407xx.o(.text)
    TIM1_BRK_TIM9_IRQHandler                 0x080001b7   Thumb Code     0  startup_stm32f407xx.o(.text)
    TIM1_CC_IRQHandler                       0x080001b7   Thumb Code     0  startup_stm32f407xx.o(.text)
    TIM1_TRG_COM_TIM11_IRQHandler            0x080001b7   Thumb Code     0  startup_stm32f407xx.o(.text)
    TIM1_UP_TIM10_IRQHandler                 0x080001b7   Thumb Code     0  startup_stm32f407xx.o(.text)
    TIM2_IRQHandler                          0x080001b7   Thumb Code     0  startup_stm32f407xx.o(.text)
    TIM3_IRQHandler                          0x080001b7   Thumb Code     0  startup_stm32f407xx.o(.text)
    TIM5_IRQHandler                          0x080001b7   Thumb Code     0  startup_stm32f407xx.o(.text)
    TIM6_DAC_IRQHandler                      0x080001b7   Thumb Code     0  startup_stm32f407xx.o(.text)
    TIM7_IRQHandler                          0x080001b7   Thumb Code     0  startup_stm32f407xx.o(.text)
    TIM8_BRK_TIM12_IRQHandler                0x080001b7   Thumb Code     0  startup_stm32f407xx.o(.text)
    TIM8_CC_IRQHandler                       0x080001b7   Thumb Code     0  startup_stm32f407xx.o(.text)
    TIM8_TRG_COM_TIM14_IRQHandler            0x080001b7   Thumb Code     0  startup_stm32f407xx.o(.text)
    TIM8_UP_TIM13_IRQHandler                 0x080001b7   Thumb Code     0  startup_stm32f407xx.o(.text)
    UART4_IRQHandler                         0x080001b7   Thumb Code     0  startup_stm32f407xx.o(.text)
    UART5_IRQHandler                         0x080001b7   Thumb Code     0  startup_stm32f407xx.o(.text)
    USART1_IRQHandler                        0x080001b7   Thumb Code     0  startup_stm32f407xx.o(.text)
    USART2_IRQHandler                        0x080001b7   Thumb Code     0  startup_stm32f407xx.o(.text)
    USART3_IRQHandler                        0x080001b7   Thumb Code     0  startup_stm32f407xx.o(.text)
    USART6_IRQHandler                        0x080001b7   Thumb Code     0  startup_stm32f407xx.o(.text)
    WWDG_IRQHandler                          0x080001b7   Thumb Code     0  startup_stm32f407xx.o(.text)
    __aeabi_uldivmod                         0x080001c1   Thumb Code    98  uldiv.o(.text)
    __aeabi_dadd                             0x08000223   Thumb Code   322  dadd.o(.text)
    __aeabi_dsub                             0x08000365   Thumb Code     6  dadd.o(.text)
    __aeabi_drsub                            0x0800036b   Thumb Code     6  dadd.o(.text)
    __aeabi_dmul                             0x08000371   Thumb Code   228  dmul.o(.text)
    __aeabi_ddiv                             0x08000455   Thumb Code   222  ddiv.o(.text)
    __aeabi_i2d                              0x08000533   Thumb Code    34  dflti.o(.text)
    __aeabi_d2iz                             0x08000555   Thumb Code    62  dfixi.o(.text)
    __aeabi_f2d                              0x08000593   Thumb Code    38  f2d.o(.text)
    __aeabi_cdcmpeq                          0x080005b9   Thumb Code     0  cdcmple.o(.text)
    __aeabi_cdcmple                          0x080005b9   Thumb Code    38  cdcmple.o(.text)
    __aeabi_cdrcmple                         0x080005e1   Thumb Code    38  cdrcmple.o(.text)
    __aeabi_d2f                              0x08000609   Thumb Code    56  d2f.o(.text)
    __aeabi_llsl                             0x08000641   Thumb Code    30  llshl.o(.text)
    _ll_shift_l                              0x08000641   Thumb Code     0  llshl.o(.text)
    __aeabi_llsr                             0x0800065f   Thumb Code    32  llushr.o(.text)
    _ll_ushift_r                             0x0800065f   Thumb Code     0  llushr.o(.text)
    __aeabi_lasr                             0x0800067f   Thumb Code    36  llsshr.o(.text)
    _ll_sshift_r                             0x0800067f   Thumb Code     0  llsshr.o(.text)
    __I$use$fp                               0x080006a3   Thumb Code     0  iusefp.o(.text)
    _float_round                             0x080006a3   Thumb Code    18  fepilogue.o(.text)
    _float_epilogue                          0x080006b5   Thumb Code    90  fepilogue.o(.text)
    _double_round                            0x0800070f   Thumb Code    26  depilogue.o(.text)
    _double_epilogue                         0x08000729   Thumb Code   164  depilogue.o(.text)
    __scatterload                            0x080007cd   Thumb Code    28  init.o(.text)
    __scatterload_rt2                        0x080007cd   Thumb Code     0  init.o(.text)
    __decompress                             0x080007f1   Thumb Code     0  __dczerorl2.o(.text)
    __decompress1                            0x080007f1   Thumb Code    92  __dczerorl2.o(.text)
    AdvanceForward                           0x0800084d   Thumb Code    68  main.o(i.AdvanceForward)
    BusFault_Handler                         0x0800089d   Thumb Code     2  stm32f4xx_it.o(i.BusFault_Handler)
    DebugMon_Handler                         0x0800089f   Thumb Code     2  stm32f4xx_it.o(i.DebugMon_Handler)
    HAL_Delay                                0x080008a1   Thumb Code    38  tm_stm32_delay.o(i.HAL_Delay)
    HAL_GPIO_Init                            0x080008cd   Thumb Code   392  stm32f4xx_hal_gpio.o(i.HAL_GPIO_Init)
    HAL_GPIO_ReadPin                         0x08000a81   Thumb Code    10  stm32f4xx_hal_gpio.o(i.HAL_GPIO_ReadPin)
    HAL_GetTick                              0x08000a8d   Thumb Code     6  tm_stm32_delay.o(i.HAL_GetTick)
    HAL_I2C_GetError                         0x08000a99   Thumb Code     4  stm32f4xx_hal_i2c.o(i.HAL_I2C_GetError)
    HAL_I2C_Init                             0x08000a9d   Thumb Code   250  stm32f4xx_hal_i2c.o(i.HAL_I2C_Init)
    HAL_I2C_IsDeviceReady                    0x08000ba1   Thumb Code   340  stm32f4xx_hal_i2c.o(i.HAL_I2C_IsDeviceReady)
    HAL_I2C_Master_Receive                   0x08000cfd   Thumb Code   486  stm32f4xx_hal_i2c.o(i.HAL_I2C_Master_Receive)
    HAL_I2C_Master_Transmit                  0x08000ef1   Thumb Code   314  stm32f4xx_hal_i2c.o(i.HAL_I2C_Master_Transmit)
    HAL_I2C_MspInit                          0x08001035   Thumb Code    62  stm32f4xx_hal_msp.o(i.HAL_I2C_MspInit)
    HAL_IncTick                              0x08001081   Thumb Code   100  tm_stm32_delay.o(i.HAL_IncTick)
    HAL_Init                                 0x080010ed   Thumb Code    48  stm32f4xx_hal.o(i.HAL_Init)
    HAL_InitTick                             0x08001121   Thumb Code    54  stm32f4xx_hal.o(i.HAL_InitTick)
    HAL_MspInit                              0x08001161   Thumb Code    88  stm32f4xx_hal_msp.o(i.HAL_MspInit)
    HAL_NVIC_EnableIRQ                       0x080011b9   Thumb Code    24  stm32f4xx_hal_cortex.o(i.HAL_NVIC_EnableIRQ)
    HAL_NVIC_SetPriority                     0x080011d1   Thumb Code    60  stm32f4xx_hal_cortex.o(i.HAL_NVIC_SetPriority)
    HAL_NVIC_SetPriorityGrouping             0x08001211   Thumb Code    26  stm32f4xx_hal_cortex.o(i.HAL_NVIC_SetPriorityGrouping)
    HAL_RCC_ClockConfig                      0x08001235   Thumb Code   286  stm32f4xx_hal_rcc.o(i.HAL_RCC_ClockConfig)
    HAL_RCC_GetHCLKFreq                      0x08001365   Thumb Code     6  stm32f4xx_hal_rcc.o(i.HAL_RCC_GetHCLKFreq)
    HAL_RCC_GetPCLK1Freq                     0x08001371   Thumb Code    20  stm32f4xx_hal_rcc.o(i.HAL_RCC_GetPCLK1Freq)
    HAL_RCC_GetSysClockFreq                  0x08001391   Thumb Code    88  stm32f4xx_hal_rcc.o(i.HAL_RCC_GetSysClockFreq)
    HAL_RCC_OscConfig                        0x080013f5   Thumb Code   774  stm32f4xx_hal_rcc.o(i.HAL_RCC_OscConfig)
    HAL_SYSTICK_CLKSourceConfig              0x08001715   Thumb Code    24  stm32f4xx_hal_cortex.o(i.HAL_SYSTICK_CLKSourceConfig)
    HAL_SYSTICK_Callback                     0x0800172d   Thumb Code     2  stm32f4xx_hal_cortex.o(i.HAL_SYSTICK_Callback)
    HAL_SYSTICK_Config                       0x0800172f   Thumb Code    40  stm32f4xx_hal_cortex.o(i.HAL_SYSTICK_Config)
    HAL_SYSTICK_IRQHandler                   0x08001757   Thumb Code     8  stm32f4xx_hal_cortex.o(i.HAL_SYSTICK_IRQHandler)
    HAL_TIMEx_BreakCallback                  0x0800175f   Thumb Code     2  stm32f4xx_hal_tim_ex.o(i.HAL_TIMEx_BreakCallback)
    HAL_TIMEx_CommutationCallback            0x08001761   Thumb Code     2  stm32f4xx_hal_tim_ex.o(i.HAL_TIMEx_CommutationCallback)
    HAL_TIMEx_MasterConfigSynchronization    0x08001763   Thumb Code    80  stm32f4xx_hal_tim_ex.o(i.HAL_TIMEx_MasterConfigSynchronization)
    HAL_TIM_Base_Init                        0x080017b3   Thumb Code    54  stm32f4xx_hal_tim.o(i.HAL_TIM_Base_Init)
    HAL_TIM_Base_MspInit                     0x080017e9   Thumb Code    50  stm32f4xx_hal_msp.o(i.HAL_TIM_Base_MspInit)
    HAL_TIM_ConfigClockSource                0x08001825   Thumb Code   240  stm32f4xx_hal_tim.o(i.HAL_TIM_ConfigClockSource)
    HAL_TIM_IC_CaptureCallback               0x08001915   Thumb Code     2  stm32f4xx_hal_tim.o(i.HAL_TIM_IC_CaptureCallback)
    HAL_TIM_IRQHandler                       0x08001917   Thumb Code   358  stm32f4xx_hal_tim.o(i.HAL_TIM_IRQHandler)
    HAL_TIM_MspPostInit                      0x08001a7d   Thumb Code    42  stm32f4xx_hal_msp.o(i.HAL_TIM_MspPostInit)
    HAL_TIM_OC_DelayElapsedCallback          0x08001ab1   Thumb Code     2  stm32f4xx_hal_tim.o(i.HAL_TIM_OC_DelayElapsedCallback)
    HAL_TIM_PWM_ConfigChannel                0x08001ab3   Thumb Code   206  stm32f4xx_hal_tim.o(i.HAL_TIM_PWM_ConfigChannel)
    HAL_TIM_PWM_Init                         0x08001b81   Thumb Code    54  stm32f4xx_hal_tim.o(i.HAL_TIM_PWM_Init)
    HAL_TIM_PWM_MspInit                      0x08001bb7   Thumb Code     2  stm32f4xx_hal_tim.o(i.HAL_TIM_PWM_MspInit)
    HAL_TIM_PWM_PulseFinishedCallback        0x08001bb9   Thumb Code     2  stm32f4xx_hal_tim.o(i.HAL_TIM_PWM_PulseFinishedCallback)
    HAL_TIM_PWM_Start                        0x08001bbd   Thumb Code    48  stm32f4xx_hal_tim.o(i.HAL_TIM_PWM_Start)
    HAL_TIM_PeriodElapsedCallback            0x08001bf5   Thumb Code     2  stm32f4xx_hal_tim.o(i.HAL_TIM_PeriodElapsedCallback)
    HAL_TIM_TriggerCallback                  0x08001bf7   Thumb Code     2  stm32f4xx_hal_tim.o(i.HAL_TIM_TriggerCallback)
    HardFault_Handler                        0x08001bf9   Thumb Code     2  stm32f4xx_it.o(i.HardFault_Handler)
    MemManage_Handler                        0x0800206d   Thumb Code     2  stm32f4xx_it.o(i.MemManage_Handler)
    NMI_Handler                              0x0800206f   Thumb Code     2  stm32f4xx_it.o(i.NMI_Handler)
    PendSV_Handler                           0x08002091   Thumb Code     2  stm32f4xx_it.o(i.PendSV_Handler)
    SVC_Handler                              0x08002093   Thumb Code     2  stm32f4xx_it.o(i.SVC_Handler)
    SysTick_Handler                          0x08002095   Thumb Code    14  stm32f4xx_it.o(i.SysTick_Handler)
    SystemClock_Config                       0x080020a5   Thumb Code   126  main.o(i.SystemClock_Config)
    SystemInit                               0x0800212d   Thumb Code    66  system_stm32f4xx.o(i.SystemInit)
    TIM4_IRQHandler                          0x08002181   Thumb Code     6  stm32f4xx_it.o(i.TIM4_IRQHandler)
    TIM_Base_SetConfig                       0x0800218d   Thumb Code   148  stm32f4xx_hal_tim.o(i.TIM_Base_SetConfig)
    TIM_CCxChannelCmd                        0x0800224d   Thumb Code    22  stm32f4xx_hal_tim.o(i.TIM_CCxChannelCmd)
    TIM_OC2_SetConfig                        0x080022e1   Thumb Code    90  stm32f4xx_hal_tim.o(i.TIM_OC2_SetConfig)
    TM_DELAY_1msHandler                      0x0800243b   Thumb Code     2  tm_stm32_delay.o(i.TM_DELAY_1msHandler)
    TM_DELAY_Init                            0x0800243d   Thumb Code    52  tm_stm32_delay.o(i.TM_DELAY_Init)
    TM_GPIO_GetPortSource                    0x08002479   Thumb Code    10  tm_stm32_gpio.o(i.TM_GPIO_GetPortSource)
    TM_GPIO_INT_EnableClock                  0x08002489   Thumb Code    20  tm_stm32_gpio.o(i.TM_GPIO_INT_EnableClock)
    TM_GPIO_INT_Init                         0x080024a1   Thumb Code   154  tm_stm32_gpio.o(i.TM_GPIO_INT_Init)
    TM_GPIO_InitAlternate                    0x08002541   Thumb Code    96  tm_stm32_gpio.o(i.TM_GPIO_InitAlternate)
    TM_I2C_GetHandle                         0x080025a1   Thumb Code    38  tm_stm32_i2c.o(i.TM_I2C_GetHandle)
    TM_I2C_Init                              0x080025d9   Thumb Code   308  tm_stm32_i2c.o(i.TM_I2C_Init)
    TM_I2C_InitCustomPinsCallback            0x08002731   Thumb Code     2  tm_stm32_i2c.o(i.TM_I2C_InitCustomPinsCallback)
    TM_I2C_IsDeviceConnected                 0x08002733   Thumb Code    26  tm_stm32_i2c.o(i.TM_I2C_IsDeviceConnected)
    TM_I2C_Read                              0x0800274d   Thumb Code    62  tm_stm32_i2c.o(i.TM_I2C_Read)
    TM_I2C_ReadMulti                         0x0800278b   Thumb Code    68  tm_stm32_i2c.o(i.TM_I2C_ReadMulti)
    TM_I2C_Write                             0x080027cf   Thumb Code    50  tm_stm32_i2c.o(i.TM_I2C_Write)
    TM_MPU6050_Init                          0x08002801   Thumb Code   104  tm_stm32_mpu6050.o(i.TM_MPU6050_Init)
    TM_MPU6050_ReadAll                       0x08002871   Thumb Code   112  tm_stm32_mpu6050.o(i.TM_MPU6050_ReadAll)
    TM_MPU6050_SetAccelerometer              0x080028ed   Thumb Code    94  tm_stm32_mpu6050.o(i.TM_MPU6050_SetAccelerometer)
    TM_MPU6050_SetDataRate                   0x08002961   Thumb Code    22  tm_stm32_mpu6050.o(i.TM_MPU6050_SetDataRate)
    TM_MPU6050_SetGyroscope                  0x0800297d   Thumb Code    94  tm_stm32_mpu6050.o(i.TM_MPU6050_SetGyroscope)
    UsageFault_Handler                       0x080029f1   Thumb Code     2  stm32f4xx_it.o(i.UsageFault_Handler)
    __ARM_fpclassify                         0x080029f3   Thumb Code    48  fpclassify.o(i.__ARM_fpclassify)
    __hardfp_atan                            0x08002a29   Thumb Code   636  atan.o(i.__hardfp_atan)
    __hardfp_atan2                           0x08002d11   Thumb Code   416  atan2.o(i.__hardfp_atan2)
    __kernel_poly                            0x08002ef1   Thumb Code   248  poly.o(i.__kernel_poly)
    __mathlib_dbl_underflow                  0x08002fe9   Thumb Code    24  dunder.o(i.__mathlib_dbl_underflow)
    __scatterload_copy                       0x08003009   Thumb Code    14  handlers.o(i.__scatterload_copy)
    __scatterload_null                       0x08003017   Thumb Code     2  handlers.o(i.__scatterload_null)
    __scatterload_zeroinit                   0x08003019   Thumb Code    14  handlers.o(i.__scatterload_zeroinit)
    atan                                     0x08003027   Thumb Code    16  atan.o(i.atan)
    fabs                                     0x08003037   Thumb Code    32  fabs.o(i.fabs)
    main                                     0x08003059   Thumb Code   908  main.o(i.main)
    turnLeft                                 0x08003419   Thumb Code    44  main.o(i.turnLeft)
    turnRight                                0x08003451   Thumb Code    42  main.o(i.turnRight)
    update_dutycycle                         0x08003489   Thumb Code    20  main.o(i.update_dutycycle)
    AHBPrescTable                            0x080034a0   Data          16  system_stm32f4xx.o(.constdata)
    APBPrescTable                            0x080034b0   Data           8  system_stm32f4xx.o(.constdata)
    __mathlib_zero                           0x08003550   Data           8  qnan.o(.constdata)
    Region$$Table$$Base                      0x08003558   Number         0  anon$$obj.o(Region$$Table)
    Region$$Table$$Limit                     0x08003578   Number         0  anon$$obj.o(Region$$Table)
    ax                                       0x20000000   Data           4  main.o(.data)
    az                                       0x20000004   Data           4  main.o(.data)
    gy                                       0x20000008   Data           4  main.o(.data)
    t1                                       0x2000000c   Data           4  main.o(.data)
    refAngle                                 0x20000010   Data           4  main.o(.data)
    radToDeg                                 0x20000014   Data           4  main.o(.data)
    dt                                       0x20000018   Data           4  main.o(.data)
    pitch                                    0x2000001c   Data           4  main.o(.data)
    previuosTime                             0x20000020   Data           4  main.o(.data)
    MAX                                      0x20000028   Data           8  main.o(.data)
    MIN                                      0x20000030   Data           8  main.o(.data)
    error                                    0x20000038   Data           8  main.o(.data)
    errSum                                   0x20000040   Data           8  main.o(.data)
    lastErr                                  0x20000048   Data           8  main.o(.data)
    dErr                                     0x20000050   Data           8  main.o(.data)
    kp                                       0x20000058   Data           8  main.o(.data)
    ki                                       0x20000060   Data           8  main.o(.data)
    kd                                       0x20000068   Data           8  main.o(.data)
    angle                                    0x20000070   Data           8  main.o(.data)
    Output                                   0x20000078   Data           8  main.o(.data)
    SystemCoreClock                          0x20000080   Data           4  system_stm32f4xx.o(.data)
    uwTickFreq                               0x20000084   Data           1  stm32f4xx_hal.o(.data)
    uwTickPrio                               0x20000088   Data           4  stm32f4xx_hal.o(.data)
    uwTick                                   0x2000008c   Data           4  stm32f4xx_hal.o(.data)
    TM_Time2                                 0x20000090   Data           4  tm_stm32_delay.o(.data)
    TM_Time                                  0x20000094   Data           4  tm_stm32_delay.o(.data)
    hi2c1                                    0x20000194   Data          84  main.o(.bss)
    MPU6050_Sensor                           0x200001e8   Data          28  main.o(.bss)
    htim4                                    0x20000204   Data          60  main.o(.bss)
    __initial_sp                             0x20000678   Data           0  startup_stm32f407xx.o(STACK)



==============================================================================

Memory Map of the image

  Image Entry point : 0x08000189

  Load Region LR_IROM1 (Base: 0x08000000, Size: 0x0000370c, Max: 0x00100000, ABSOLUTE, COMPRESSED[0x000035a8])

    Execution Region ER_IROM1 (Base: 0x08000000, Size: 0x00003578, Max: 0x00100000, ABSOLUTE)

    Base Addr    Size         Type   Attr      Idx    E Section Name        Object

    0x08000000   0x00000188   Data   RO            3    RESET               startup_stm32f407xx.o
    0x08000188   0x00000000   Code   RO         3172  * .ARM.Collect$$$$00000000  mc_w.l(entry.o)
    0x08000188   0x00000004   Code   RO         3244    .ARM.Collect$$$$00000001  mc_w.l(entry2.o)
    0x0800018c   0x00000004   Code   RO         3247    .ARM.Collect$$$$00000004  mc_w.l(entry5.o)
    0x08000190   0x00000000   Code   RO         3249    .ARM.Collect$$$$00000008  mc_w.l(entry7b.o)
    0x08000190   0x00000000   Code   RO         3251    .ARM.Collect$$$$0000000A  mc_w.l(entry8b.o)
    0x08000190   0x00000008   Code   RO         3252    .ARM.Collect$$$$0000000B  mc_w.l(entry9a.o)
    0x08000198   0x00000000   Code   RO         3254    .ARM.Collect$$$$0000000D  mc_w.l(entry10a.o)
    0x08000198   0x00000000   Code   RO         3256    .ARM.Collect$$$$0000000F  mc_w.l(entry11a.o)
    0x08000198   0x00000004   Code   RO         3245    .ARM.Collect$$$$00002712  mc_w.l(entry2.o)
    0x0800019c   0x00000024   Code   RO            4    .text               startup_stm32f407xx.o
    0x080001c0   0x00000062   Code   RO         3175    .text               mc_w.l(uldiv.o)
    0x08000222   0x0000014e   Code   RO         3205    .text               mf_w.l(dadd.o)
    0x08000370   0x000000e4   Code   RO         3207    .text               mf_w.l(dmul.o)
    0x08000454   0x000000de   Code   RO         3209    .text               mf_w.l(ddiv.o)
    0x08000532   0x00000022   Code   RO         3211    .text               mf_w.l(dflti.o)
    0x08000554   0x0000003e   Code   RO         3213    .text               mf_w.l(dfixi.o)
    0x08000592   0x00000026   Code   RO         3215    .text               mf_w.l(f2d.o)
    0x080005b8   0x00000028   Code   RO         3217    .text               mf_w.l(cdcmple.o)
    0x080005e0   0x00000028   Code   RO         3219    .text               mf_w.l(cdrcmple.o)
    0x08000608   0x00000038   Code   RO         3221    .text               mf_w.l(d2f.o)
    0x08000640   0x0000001e   Code   RO         3258    .text               mc_w.l(llshl.o)
    0x0800065e   0x00000020   Code   RO         3260    .text               mc_w.l(llushr.o)
    0x0800067e   0x00000024   Code   RO         3262    .text               mc_w.l(llsshr.o)
    0x080006a2   0x00000000   Code   RO         3277    .text               mc_w.l(iusefp.o)
    0x080006a2   0x0000006c   Code   RO         3278    .text               mf_w.l(fepilogue.o)
    0x0800070e   0x000000be   Code   RO         3280    .text               mf_w.l(depilogue.o)
    0x080007cc   0x00000024   Code   RO         3290    .text               mc_w.l(init.o)
    0x080007f0   0x0000005c   Code   RO         3300    .text               mc_w.l(__dczerorl2.o)
    0x0800084c   0x00000050   Code   RO          246    i.AdvanceForward    main.o
    0x0800089c   0x00000002   Code   RO           13    i.BusFault_Handler  stm32f4xx_it.o
    0x0800089e   0x00000002   Code   RO           14    i.DebugMon_Handler  stm32f4xx_it.o
    0x080008a0   0x0000002c   Code   RO         2730    i.HAL_Delay         tm_stm32_delay.o
    0x080008cc   0x000001b4   Code   RO          717    i.HAL_GPIO_Init     stm32f4xx_hal_gpio.o
    0x08000a80   0x0000000a   Code   RO          719    i.HAL_GPIO_ReadPin  stm32f4xx_hal_gpio.o
    0x08000a8a   0x00000002   PAD
    0x08000a8c   0x0000000c   Code   RO         2731    i.HAL_GetTick       tm_stm32_delay.o
    0x08000a98   0x00000004   Code   RO          890    i.HAL_I2C_GetError  stm32f4xx_hal_i2c.o
    0x08000a9c   0x00000104   Code   RO          893    i.HAL_I2C_Init      stm32f4xx_hal_i2c.o
    0x08000ba0   0x0000015c   Code   RO          894    i.HAL_I2C_IsDeviceReady  stm32f4xx_hal_i2c.o
    0x08000cfc   0x000001f4   Code   RO          899    i.HAL_I2C_Master_Receive  stm32f4xx_hal_i2c.o
    0x08000ef0   0x00000144   Code   RO          904    i.HAL_I2C_Master_Transmit  stm32f4xx_hal_i2c.o
    0x08001034   0x0000004c   Code   RO          193    i.HAL_I2C_MspInit   stm32f4xx_hal_msp.o
    0x08001080   0x0000006c   Code   RO         2732    i.HAL_IncTick       tm_stm32_delay.o
    0x080010ec   0x00000034   Code   RO         1537    i.HAL_Init          stm32f4xx_hal.o
    0x08001120   0x00000040   Code   RO         1538    i.HAL_InitTick      stm32f4xx_hal.o
    0x08001160   0x00000058   Code   RO          194    i.HAL_MspInit       stm32f4xx_hal_msp.o
    0x080011b8   0x00000018   Code   RO          404    i.HAL_NVIC_EnableIRQ  stm32f4xx_hal_cortex.o
    0x080011d0   0x00000040   Code   RO          410    i.HAL_NVIC_SetPriority  stm32f4xx_hal_cortex.o
    0x08001210   0x00000024   Code   RO          411    i.HAL_NVIC_SetPriorityGrouping  stm32f4xx_hal_cortex.o
    0x08001234   0x00000130   Code   RO          781    i.HAL_RCC_ClockConfig  stm32f4xx_hal_rcc.o
    0x08001364   0x0000000c   Code   RO          786    i.HAL_RCC_GetHCLKFreq  stm32f4xx_hal_rcc.o
    0x08001370   0x00000020   Code   RO          788    i.HAL_RCC_GetPCLK1Freq  stm32f4xx_hal_rcc.o
    0x08001390   0x00000064   Code   RO          790    i.HAL_RCC_GetSysClockFreq  stm32f4xx_hal_rcc.o
    0x080013f4   0x00000320   Code   RO          793    i.HAL_RCC_OscConfig  stm32f4xx_hal_rcc.o
    0x08001714   0x00000018   Code   RO          413    i.HAL_SYSTICK_CLKSourceConfig  stm32f4xx_hal_cortex.o
    0x0800172c   0x00000002   Code   RO          414    i.HAL_SYSTICK_Callback  stm32f4xx_hal_cortex.o
    0x0800172e   0x00000028   Code   RO          415    i.HAL_SYSTICK_Config  stm32f4xx_hal_cortex.o
    0x08001756   0x00000008   Code   RO          416    i.HAL_SYSTICK_IRQHandler  stm32f4xx_hal_cortex.o
    0x0800175e   0x00000002   Code   RO         1280    i.HAL_TIMEx_BreakCallback  stm32f4xx_hal_tim_ex.o
    0x08001760   0x00000002   Code   RO         1281    i.HAL_TIMEx_CommutationCallback  stm32f4xx_hal_tim_ex.o
    0x08001762   0x00000050   Code   RO         1297    i.HAL_TIMEx_MasterConfigSynchronization  stm32f4xx_hal_tim_ex.o
    0x080017b2   0x00000036   Code   RO         2101    i.HAL_TIM_Base_Init  stm32f4xx_hal_tim.o
    0x080017e8   0x0000003c   Code   RO          196    i.HAL_TIM_Base_MspInit  stm32f4xx_hal_msp.o
    0x08001824   0x000000f0   Code   RO         2110    i.HAL_TIM_ConfigClockSource  stm32f4xx_hal_tim.o
    0x08001914   0x00000002   Code   RO         2130    i.HAL_TIM_IC_CaptureCallback  stm32f4xx_hal_tim.o
    0x08001916   0x00000166   Code   RO         2143    i.HAL_TIM_IRQHandler  stm32f4xx_hal_tim.o
    0x08001a7c   0x00000034   Code   RO          197    i.HAL_TIM_MspPostInit  stm32f4xx_hal_msp.o
    0x08001ab0   0x00000002   Code   RO         2146    i.HAL_TIM_OC_DelayElapsedCallback  stm32f4xx_hal_tim.o
    0x08001ab2   0x000000ce   Code   RO         2167    i.HAL_TIM_PWM_ConfigChannel  stm32f4xx_hal_tim.o
    0x08001b80   0x00000036   Code   RO         2170    i.HAL_TIM_PWM_Init  stm32f4xx_hal_tim.o
    0x08001bb6   0x00000002   Code   RO         2172    i.HAL_TIM_PWM_MspInit  stm32f4xx_hal_tim.o
    0x08001bb8   0x00000002   Code   RO         2173    i.HAL_TIM_PWM_PulseFinishedCallback  stm32f4xx_hal_tim.o
    0x08001bba   0x00000002   PAD
    0x08001bbc   0x00000038   Code   RO         2174    i.HAL_TIM_PWM_Start  stm32f4xx_hal_tim.o
    0x08001bf4   0x00000002   Code   RO         2180    i.HAL_TIM_PeriodElapsedCallback  stm32f4xx_hal_tim.o
    0x08001bf6   0x00000002   Code   RO         2184    i.HAL_TIM_TriggerCallback  stm32f4xx_hal_tim.o
    0x08001bf8   0x00000002   Code   RO           15    i.HardFault_Handler  stm32f4xx_it.o
    0x08001bfa   0x00000028   Code   RO          931    i.I2C_IsAcknowledgeFailed  stm32f4xx_hal_i2c.o
    0x08001c22   0x000000de   Code   RO          934    i.I2C_MasterRequestRead  stm32f4xx_hal_i2c.o
    0x08001d00   0x00000094   Code   RO          935    i.I2C_MasterRequestWrite  stm32f4xx_hal_i2c.o
    0x08001d94   0x00000054   Code   RO          944    i.I2C_WaitOnBTFFlagUntilTimeout  stm32f4xx_hal_i2c.o
    0x08001de8   0x00000060   Code   RO          945    i.I2C_WaitOnFlagUntilTimeout  stm32f4xx_hal_i2c.o
    0x08001e48   0x00000088   Code   RO          946    i.I2C_WaitOnMasterAddressFlagUntilTimeout  stm32f4xx_hal_i2c.o
    0x08001ed0   0x00000064   Code   RO          947    i.I2C_WaitOnRXNEFlagUntilTimeout  stm32f4xx_hal_i2c.o
    0x08001f34   0x00000054   Code   RO          948    i.I2C_WaitOnTXEFlagUntilTimeout  stm32f4xx_hal_i2c.o
    0x08001f88   0x00000038   Code   RO          247    i.MX_I2C1_Init      main.o
    0x08001fc0   0x000000ac   Code   RO          248    i.MX_TIM4_Init      main.o
    0x0800206c   0x00000002   Code   RO           16    i.MemManage_Handler  stm32f4xx_it.o
    0x0800206e   0x00000002   Code   RO           17    i.NMI_Handler       stm32f4xx_it.o
    0x08002070   0x00000020   Code   RO          417    i.NVIC_SetPriority  stm32f4xx_hal_cortex.o
    0x08002090   0x00000002   Code   RO           18    i.PendSV_Handler    stm32f4xx_it.o
    0x08002092   0x00000002   Code   RO           19    i.SVC_Handler       stm32f4xx_it.o
    0x08002094   0x0000000e   Code   RO           20    i.SysTick_Handler   stm32f4xx_it.o
    0x080020a2   0x00000002   PAD
    0x080020a4   0x00000088   Code   RO          250    i.SystemClock_Config  main.o
    0x0800212c   0x00000054   Code   RO          362    i.SystemInit        system_stm32f4xx.o
    0x08002180   0x0000000c   Code   RO           21    i.TIM4_IRQHandler   stm32f4xx_it.o
    0x0800218c   0x000000c0   Code   RO         2185    i.TIM_Base_SetConfig  stm32f4xx_hal_tim.o
    0x0800224c   0x00000016   Code   RO         2186    i.TIM_CCxChannelCmd  stm32f4xx_hal_tim.o
    0x08002262   0x00000014   Code   RO         2192    i.TIM_ETR_SetConfig  stm32f4xx_hal_tim.o
    0x08002276   0x00000010   Code   RO         2193    i.TIM_ITRx_SetConfig  stm32f4xx_hal_tim.o
    0x08002286   0x00000002   PAD
    0x08002288   0x00000058   Code   RO         2194    i.TIM_OC1_SetConfig  stm32f4xx_hal_tim.o
    0x080022e0   0x00000064   Code   RO         2195    i.TIM_OC2_SetConfig  stm32f4xx_hal_tim.o
    0x08002344   0x00000060   Code   RO         2196    i.TIM_OC3_SetConfig  stm32f4xx_hal_tim.o
    0x080023a4   0x00000050   Code   RO         2197    i.TIM_OC4_SetConfig  stm32f4xx_hal_tim.o
    0x080023f4   0x00000022   Code   RO         2199    i.TIM_TI1_ConfigInputStage  stm32f4xx_hal_tim.o
    0x08002416   0x00000024   Code   RO         2201    i.TIM_TI2_ConfigInputStage  stm32f4xx_hal_tim.o
    0x0800243a   0x00000002   Code   RO         2733    i.TM_DELAY_1msHandler  tm_stm32_delay.o
    0x0800243c   0x0000003c   Code   RO         2734    i.TM_DELAY_Init     tm_stm32_delay.o
    0x08002478   0x00000010   Code   RO         2833    i.TM_GPIO_GetPortSource  tm_stm32_gpio.o
    0x08002488   0x00000018   Code   RO         2836    i.TM_GPIO_INT_EnableClock  tm_stm32_gpio.o
    0x080024a0   0x000000a0   Code   RO         2837    i.TM_GPIO_INT_Init  tm_stm32_gpio.o
    0x08002540   0x00000060   Code   RO         2839    i.TM_GPIO_InitAlternate  tm_stm32_gpio.o
    0x080025a0   0x00000038   Code   RO         2945    i.TM_I2C_GetHandle  tm_stm32_i2c.o
    0x080025d8   0x00000158   Code   RO         2946    i.TM_I2C_Init       tm_stm32_i2c.o
    0x08002730   0x00000002   Code   RO         2947    i.TM_I2C_InitCustomPinsCallback  tm_stm32_i2c.o
    0x08002732   0x0000001a   Code   RO         2948    i.TM_I2C_IsDeviceConnected  tm_stm32_i2c.o
    0x0800274c   0x0000003e   Code   RO         2949    i.TM_I2C_Read       tm_stm32_i2c.o
    0x0800278a   0x00000044   Code   RO         2951    i.TM_I2C_ReadMulti  tm_stm32_i2c.o
    0x080027ce   0x00000032   Code   RO         2954    i.TM_I2C_Write      tm_stm32_i2c.o
    0x08002800   0x00000070   Code   RO         3057    i.TM_MPU6050_Init   tm_stm32_mpu6050.o
    0x08002870   0x0000007c   Code   RO         3059    i.TM_MPU6050_ReadAll  tm_stm32_mpu6050.o
    0x080028ec   0x00000074   Code   RO         3063    i.TM_MPU6050_SetAccelerometer  tm_stm32_mpu6050.o
    0x08002960   0x0000001c   Code   RO         3064    i.TM_MPU6050_SetDataRate  tm_stm32_mpu6050.o
    0x0800297c   0x00000074   Code   RO         3065    i.TM_MPU6050_SetGyroscope  tm_stm32_mpu6050.o
    0x080029f0   0x00000002   Code   RO           22    i.UsageFault_Handler  stm32f4xx_it.o
    0x080029f2   0x00000030   Code   RO         3286    i.__ARM_fpclassify  m_wm.l(fpclassify.o)
    0x08002a22   0x00000006   PAD
    0x08002a28   0x000002e8   Code   RO         3223    i.__hardfp_atan     m_wm.l(atan.o)
    0x08002d10   0x000001e0   Code   RO         3160    i.__hardfp_atan2    m_wm.l(atan2.o)
    0x08002ef0   0x000000f8   Code   RO         3288    i.__kernel_poly     m_wm.l(poly.o)
    0x08002fe8   0x00000020   Code   RO         3284    i.__mathlib_dbl_underflow  m_wm.l(dunder.o)
    0x08003008   0x0000000e   Code   RO         3294    i.__scatterload_copy  mc_w.l(handlers.o)
    0x08003016   0x00000002   Code   RO         3295    i.__scatterload_null  mc_w.l(handlers.o)
    0x08003018   0x0000000e   Code   RO         3296    i.__scatterload_zeroinit  mc_w.l(handlers.o)
    0x08003026   0x00000010   Code   RO         3225    i.atan              m_wm.l(atan.o)
    0x08003036   0x00000020   Code   RO         3239    i.fabs              m_wm.l(fabs.o)
    0x08003056   0x00000002   PAD
    0x08003058   0x000003c0   Code   RO          252    i.main              main.o
    0x08003418   0x00000038   Code   RO          253    i.turnLeft          main.o
    0x08003450   0x00000038   Code   RO          254    i.turnRight         main.o
    0x08003488   0x00000018   Code   RO          255    i.update_dutycycle  main.o
    0x080034a0   0x00000010   Data   RO          363    .constdata          system_stm32f4xx.o
    0x080034b0   0x00000008   Data   RO          364    .constdata          system_stm32f4xx.o
    0x080034b8   0x00000098   Data   RO         3226    .constdata          m_wm.l(atan.o)
    0x08003550   0x00000008   Data   RO         3243    .constdata          m_wm.l(qnan.o)
    0x08003558   0x00000020   Data   RO         3292    Region$$Table       anon$$obj.o


    Execution Region RW_IRAM1 (Base: 0x20000000, Size: 0x00000678, Max: 0x00020000, ABSOLUTE, COMPRESSED[0x00000030])

    Base Addr    Size         Type   Attr      Idx    E Section Name        Object

    0x20000000   0x00000080   Data   RW          260    .data               main.o
    0x20000080   0x00000004   Data   RW          365    .data               system_stm32f4xx.o
    0x20000084   0x0000000c   Data   RW         1544    .data               stm32f4xx_hal.o
    0x20000090   0x00000008   Data   RW         2743    .data               tm_stm32_delay.o
    0x20000098   0x000000fc   Data   RW         2960    .data               tm_stm32_i2c.o
    0x20000194   0x000000ac   Zero   RW          256    .bss                main.o
    0x20000240   0x00000018   Zero   RW         2742    .bss                tm_stm32_delay.o
    0x20000258   0x0000001a   Zero   RW         2846    .bss                tm_stm32_gpio.o
    0x20000272   0x00000006   PAD
    0x20000278   0x00000400   Zero   RW            1    STACK               startup_stm32f407xx.o


==============================================================================

Image component sizes


      Code (inc. data)   RO Data    RW Data    ZI Data      Debug   Object Name

      1540        126          0        128        172      10719   main.o
        36          8        392          0       1024        804   startup_stm32f407xx.o
       116         14          0         12          0       2757   stm32f4xx_hal.o
       230         24          0          0          0      31509   stm32f4xx_hal_cortex.o
       446         44          0          0          0       2143   stm32f4xx_hal_gpio.o
      2346         48          0          0          0      12153   stm32f4xx_hal_i2c.o
       276         34          0          0          0       2549   stm32f4xx_hal_msp.o
      1248         74          0          0          0       4681   stm32f4xx_hal_rcc.o
      1664         88          0          0          0      14592   stm32f4xx_hal_tim.o
        84          0          0          0          0       2258   stm32f4xx_hal_tim_ex.o
        42          6          0          0          0     680116   stm32f4xx_it.o
        84         18         24          4          0       1083   system_stm32f4xx.o
       226         28          0          8         24       7981   tm_stm32_delay.o
       296         16          0          0         26       2715   tm_stm32_gpio.o
       608         54          0        252          0       5208   tm_stm32_i2c.o
       496         70          0          0          0       4684   tm_stm32_mpu6050.o

    ----------------------------------------------------------------------
      9746        652        448        404       1252     785952   Object Totals
         0          0         32          0          0          0   (incl. Generated)
         8          0          0          0          6          0   (incl. Padding)

    ----------------------------------------------------------------------

      Code (inc. data)   RO Data    RW Data    ZI Data      Debug   Library Member Name

       760        108        152          0          0        344   atan.o
       480         64          0          0          0        156   atan2.o
        32          8          0          0          0        124   dunder.o
        32          0          0          0          0        124   fabs.o
        48          0          0          0          0        124   fpclassify.o
       248          0          0          0          0        152   poly.o
         0          0          8          0          0          0   qnan.o
        92          0          0          0          0          0   __dczerorl2.o
         0          0          0          0          0          0   entry.o
         0          0          0          0          0          0   entry10a.o
         0          0          0          0          0          0   entry11a.o
         8          4          0          0          0          0   entry2.o
         4          0          0          0          0          0   entry5.o
         0          0          0          0          0          0   entry7b.o
         0          0          0          0          0          0   entry8b.o
         8          4          0          0          0          0   entry9a.o
        30          0          0          0          0          0   handlers.o
        36          8          0          0          0         68   init.o
         0          0          0          0          0          0   iusefp.o
        30          0          0          0          0         68   llshl.o
        36          0          0          0          0         68   llsshr.o
        32          0          0          0          0         68   llushr.o
        98          0          0          0          0         92   uldiv.o
        40          2          0          0          0         68   cdcmple.o
        40          2          0          0          0         68   cdrcmple.o
        56          0          0          0          0         88   d2f.o
       334          0          0          0          0        148   dadd.o
       222          0          0          0          0        100   ddiv.o
       190          0          0          0          0        176   depilogue.o
        62          0          0          0          0         80   dfixi.o
        34          0          0          0          0         76   dflti.o
       228          0          0          0          0         96   dmul.o
        38          0          0          0          0         68   f2d.o
       108          0          0          0          0        168   fepilogue.o

    ----------------------------------------------------------------------
      3334        200        160          0          0       2524   Library Totals
         8          0          0          0          0          0   (incl. Padding)

    ----------------------------------------------------------------------

      Code (inc. data)   RO Data    RW Data    ZI Data      Debug   Library Name

      1600        180        160          0          0       1024   m_wm.l
       374         16          0          0          0        364   mc_w.l
      1352          4          0          0          0       1136   mf_w.l

    ----------------------------------------------------------------------
      3334        200        160          0          0       2524   Library Totals

    ----------------------------------------------------------------------

==============================================================================


      Code (inc. data)   RO Data    RW Data    ZI Data      Debug   

     13080        852        608        404       1252     778000   Grand Totals
     13080        852        608         48       1252     778000   ELF Image Totals (compressed)
     13080        852        608         48          0          0   ROM Totals

==============================================================================

    Total RO  Size (Code + RO Data)                13688 (  13.37kB)
    Total RW  Size (RW Data + ZI Data)              1656 (   1.62kB)
    Total ROM Size (Code + RO Data + RW Data)      13736 (  13.41kB)

==============================================================================

