<html>
<body>
<pre>
<h1>�Vision Build Log</h1>
<h2>Project:</h2>
C:\Users\Saffian\Desktop\New Folder\Saffian\MDK-ARM\Saffian.uvproj
Project File Date:  01/14/2019

<h2>Output:</h2>
Rebuild target 'Saffian'
assembling startup_stm32f407xx.s...
compiling stm32f4xx_it.c...
compiling stm32f4xx_hal_msp.c...
compiling main.c...
../Src/main.c(162): warning:  #1035-D: single-precision operand implicitly converted to double-precision
compiling system_stm32f4xx.c...
compiling stm32f4xx_hal_cortex.c...
compiling stm32f4xx_hal_pwr.c...
compiling stm32f4xx_hal_flash_ex.c...
compiling stm32f4xx_hal_gpio.c...
compiling stm32f4xx_hal_rcc.c...
compiling stm32f4xx_hal_i2c.c...
compiling stm32f4xx_hal_tim_ex.c...
compiling stm32f4xx_hal.c...
compiling stm32f4xx_hal_flash_ramfunc.c...
compiling stm32f4xx_hal_pwr_ex.c...
compiling stm32f4xx_hal_dma.c...
compiling stm32f4xx_hal_rcc_ex.c...
compiling stm32f4xx_hal_i2c_ex.c...
compiling stm32f4xx_hal_flash.c...
compiling stm32f4xx_hal_dma_ex.c...
compiling stm32f4xx_hal_tim.c...
compiling tm_stm32_delay.c...
compiling tm_stm32_gpio.c...
compiling tm_stm32_i2c.c...
compiling tm_stm32_mpu6050.c...
compiling tm_stm32_rcc.c...
linking...
Program Size: Code=13072 RO-data=608 RW-data=404 ZI-data=1252  
"Saffian\Saffian.axf" - 0 Errors, 1 Warning(s).
Rebuild target 'Saffian'
assembling startup_stm32f407xx.s...
compiling stm32f4xx_it.c...
compiling stm32f4xx_hal_msp.c...
compiling main.c...
../Src/main.c(162): warning:  #1035-D: single-precision operand implicitly converted to double-precision
compiling system_stm32f4xx.c...
compiling stm32f4xx_hal_cortex.c...
compiling stm32f4xx_hal_pwr.c...
compiling stm32f4xx_hal_flash_ex.c...
compiling stm32f4xx_hal_gpio.c...
compiling stm32f4xx_hal_rcc.c...
compiling stm32f4xx_hal_i2c.c...
compiling stm32f4xx_hal_tim_ex.c...
compiling stm32f4xx_hal.c...
compiling stm32f4xx_hal_flash_ramfunc.c...
compiling stm32f4xx_hal_pwr_ex.c...
compiling stm32f4xx_hal_dma.c...
compiling stm32f4xx_hal_rcc_ex.c...
compiling stm32f4xx_hal_i2c_ex.c...
compiling stm32f4xx_hal_flash.c...
compiling stm32f4xx_hal_dma_ex.c...
compiling stm32f4xx_hal_tim.c...
compiling tm_stm32_delay.c...
compiling tm_stm32_gpio.c...
compiling tm_stm32_i2c.c...
compiling tm_stm32_mpu6050.c...
compiling tm_stm32_rcc.c...
linking...
Program Size: Code=13080 RO-data=608 RW-data=404 ZI-data=1252  
"Saffian\Saffian.axf" - 0 Errors, 1 Warning(s).
